Archive member included to satisfy reference by file (symbol)

/opt/Atollic_TrueSTUDIO_for_STM32_x86_64_9.3.0/ARMTools/bin/../lib/gcc/arm-atollic-eabi/6.3.1/../../../../arm-atollic-eabi/lib/armv7-m/libc_nano.a(lib_a-exit.o)
                              Libraries/INA219/stm32f10x_util.o (exit)
/opt/Atollic_TrueSTUDIO_for_STM32_x86_64_9.3.0/ARMTools/bin/../lib/gcc/arm-atollic-eabi/6.3.1/../../../../arm-atollic-eabi/lib/armv7-m/libc_nano.a(lib_a-impure.o)
                              /opt/Atollic_TrueSTUDIO_for_STM32_x86_64_9.3.0/ARMTools/bin/../lib/gcc/arm-atollic-eabi/6.3.1/../../../../arm-atollic-eabi/lib/armv7-m/libc_nano.a(lib_a-exit.o) (_global_impure_ptr)
/opt/Atollic_TrueSTUDIO_for_STM32_x86_64_9.3.0/ARMTools/bin/../lib/gcc/arm-atollic-eabi/6.3.1/../../../../arm-atollic-eabi/lib/armv7-m/libc_nano.a(lib_a-init.o)
                              src/startup_stm32f10x_md.o (__libc_init_array)
/opt/Atollic_TrueSTUDIO_for_STM32_x86_64_9.3.0/ARMTools/bin/../lib/gcc/arm-atollic-eabi/6.3.1/../../../../arm-atollic-eabi/lib/armv7-m/libc_nano.a(lib_a-malloc.o)
                              Libraries/INA219/stm32f10x_util.o (malloc)
/opt/Atollic_TrueSTUDIO_for_STM32_x86_64_9.3.0/ARMTools/bin/../lib/gcc/arm-atollic-eabi/6.3.1/../../../../arm-atollic-eabi/lib/armv7-m/libc_nano.a(lib_a-nano-freer.o)
                              /opt/Atollic_TrueSTUDIO_for_STM32_x86_64_9.3.0/ARMTools/bin/../lib/gcc/arm-atollic-eabi/6.3.1/../../../../arm-atollic-eabi/lib/armv7-m/libc_nano.a(lib_a-malloc.o) (_free_r)
/opt/Atollic_TrueSTUDIO_for_STM32_x86_64_9.3.0/ARMTools/bin/../lib/gcc/arm-atollic-eabi/6.3.1/../../../../arm-atollic-eabi/lib/armv7-m/libc_nano.a(lib_a-nano-mallocr.o)
                              /opt/Atollic_TrueSTUDIO_for_STM32_x86_64_9.3.0/ARMTools/bin/../lib/gcc/arm-atollic-eabi/6.3.1/../../../../arm-atollic-eabi/lib/armv7-m/libc_nano.a(lib_a-malloc.o) (_malloc_r)
/opt/Atollic_TrueSTUDIO_for_STM32_x86_64_9.3.0/ARMTools/bin/../lib/gcc/arm-atollic-eabi/6.3.1/../../../../arm-atollic-eabi/lib/armv7-m/libc_nano.a(lib_a-sbrkr.o)
                              /opt/Atollic_TrueSTUDIO_for_STM32_x86_64_9.3.0/ARMTools/bin/../lib/gcc/arm-atollic-eabi/6.3.1/../../../../arm-atollic-eabi/lib/armv7-m/libc_nano.a(lib_a-nano-mallocr.o) (_sbrk_r)
/opt/Atollic_TrueSTUDIO_for_STM32_x86_64_9.3.0/ARMTools/bin/../lib/gcc/arm-atollic-eabi/6.3.1/../../../../arm-atollic-eabi/lib/armv7-m/libc_nano.a(lib_a-strlen.o)
                              src/tiny_printf.o (strlen)
/opt/Atollic_TrueSTUDIO_for_STM32_x86_64_9.3.0/ARMTools/bin/../lib/gcc/arm-atollic-eabi/6.3.1/../../../../arm-atollic-eabi/lib/armv7-m/libc_nano.a(lib_a-mlock.o)
                              /opt/Atollic_TrueSTUDIO_for_STM32_x86_64_9.3.0/ARMTools/bin/../lib/gcc/arm-atollic-eabi/6.3.1/../../../../arm-atollic-eabi/lib/armv7-m/libc_nano.a(lib_a-nano-freer.o) (__malloc_lock)
/opt/Atollic_TrueSTUDIO_for_STM32_x86_64_9.3.0/ARMTools/bin/../lib/gcc/arm-atollic-eabi/6.3.1/../../../../arm-atollic-eabi/lib/armv7-m/libc_nano.a(lib_a-reent.o)
                              /opt/Atollic_TrueSTUDIO_for_STM32_x86_64_9.3.0/ARMTools/bin/../lib/gcc/arm-atollic-eabi/6.3.1/../../../../arm-atollic-eabi/lib/armv7-m/libc_nano.a(lib_a-sbrkr.o) (errno)
/opt/Atollic_TrueSTUDIO_for_STM32_x86_64_9.3.0/ARMTools/bin/../lib/gcc/arm-atollic-eabi/6.3.1/armv7-m/libgcc.a(_arm_addsubdf3.o)
                              Libraries/INA219/stm32f10x_util.o (__aeabi_dsub)
/opt/Atollic_TrueSTUDIO_for_STM32_x86_64_9.3.0/ARMTools/bin/../lib/gcc/arm-atollic-eabi/6.3.1/armv7-m/libgcc.a(_arm_muldivdf3.o)
                              Libraries/INA219/stm32f10x_ina219.o (__aeabi_dmul)
/opt/Atollic_TrueSTUDIO_for_STM32_x86_64_9.3.0/ARMTools/bin/../lib/gcc/arm-atollic-eabi/6.3.1/armv7-m/libgcc.a(_arm_cmpdf2.o)
                              Libraries/INA219/stm32f10x_util.o (__aeabi_dcmplt)
/opt/Atollic_TrueSTUDIO_for_STM32_x86_64_9.3.0/ARMTools/bin/../lib/gcc/arm-atollic-eabi/6.3.1/armv7-m/libgcc.a(_arm_fixunsdfsi.o)
                              Libraries/INA219/stm32f10x_util.o (__aeabi_d2uiz)
/opt/Atollic_TrueSTUDIO_for_STM32_x86_64_9.3.0/ARMTools/bin/../lib/gcc/arm-atollic-eabi/6.3.1/armv7-m/libgcc.a(_arm_truncdfsf2.o)
                              Libraries/INA219/stm32f10x_ina219.o (__aeabi_d2f)
/opt/Atollic_TrueSTUDIO_for_STM32_x86_64_9.3.0/ARMTools/bin/../lib/gcc/arm-atollic-eabi/6.3.1/armv7-m/libgcc.a(_arm_addsubsf3.o)
                              Libraries/INA219/stm32f10x_util.o (__aeabi_fadd)
/opt/Atollic_TrueSTUDIO_for_STM32_x86_64_9.3.0/ARMTools/bin/../lib/gcc/arm-atollic-eabi/6.3.1/armv7-m/libgcc.a(_arm_muldivsf3.o)
                              Libraries/INA219/stm32f10x_util.o (__aeabi_fmul)
/opt/Atollic_TrueSTUDIO_for_STM32_x86_64_9.3.0/ARMTools/bin/../lib/gcc/arm-atollic-eabi/6.3.1/armv7-m/libgcc.a(_arm_cmpsf2.o)
                              Libraries/INA219/stm32f10x_util.o (__aeabi_fcmple)
[...]
Memory Configuration

Name             Origin             Length             Attributes
FLASH            0x0000000008000000 0x0000000000020000 xr
RAM              0x0000000020000000 0x0000000000005000 xrw
MEMORY_B1        0x0000000060000000 0x0000000000000000 xr
*default*        0x0000000000000000 0xffffffffffffffff

Linker script and memory map

LOAD /opt/Atollic_TrueSTUDIO_for_STM32_x86_64_9.3.0/ARMTools/bin/../lib/gcc/arm-atollic-eabi/6.3.1/armv7-m/crti.o
LOAD /opt/Atollic_TrueSTUDIO_for_STM32_x86_64_9.3.0/ARMTools/bin/../lib/gcc/arm-atollic-eabi/6.3.1/armv7-m/crtbegin.o
LOAD Libraries/INA219/stm32f10x_ina219.o
LOAD Libraries/INA219/stm32f10x_util.o
LOAD Libraries/STM32F10x_StdPeriph_Driver/src/misc.o
LOAD Libraries/STM32F10x_StdPeriph_Driver/src/stm32f10x_adc.o
LOAD Libraries/STM32F10x_StdPeriph_Driver/src/stm32f10x_bkp.o
LOAD Libraries/STM32F10x_StdPeriph_Driver/src/stm32f10x_can.o
LOAD Libraries/STM32F10x_StdPeriph_Driver/src/stm32f10x_cec.o
LOAD Libraries/STM32F10x_StdPeriph_Driver/src/stm32f10x_crc.o
LOAD Libraries/STM32F10x_StdPeriph_Driver/src/stm32f10x_dac.o
LOAD Libraries/STM32F10x_StdPeriph_Driver/src/stm32f10x_dbgmcu.o
LOAD Libraries/STM32F10x_StdPeriph_Driver/src/stm32f10x_dma.o
LOAD Libraries/STM32F10x_StdPeriph_Driver/src/stm32f10x_exti.o
LOAD Libraries/STM32F10x_StdPeriph_Driver/src/stm32f10x_flash.o
LOAD Libraries/STM32F10x_StdPeriph_Driver/src/stm32f10x_fsmc.o
LOAD Libraries/STM32F10x_StdPeriph_Driver/src/stm32f10x_gpio.o
LOAD Libraries/STM32F10x_StdPeriph_Driver/src/stm32f10x_i2c.o
LOAD Libraries/STM32F10x_StdPeriph_Driver/src/stm32f10x_iwdg.o
LOAD Libraries/STM32F10x_StdPeriph_Driver/src/stm32f10x_pwr.o
LOAD Libraries/STM32F10x_StdPeriph_Driver/src/stm32f10x_rcc.o
LOAD Libraries/STM32F10x_StdPeriph_Driver/src/stm32f10x_rtc.o
LOAD Libraries/STM32F10x_StdPeriph_Driver/src/stm32f10x_sdio.o
LOAD Libraries/STM32F10x_StdPeriph_Driver/src/stm32f10x_spi.o
LOAD Libraries/STM32F10x_StdPeriph_Driver/src/stm32f10x_tim.o
LOAD Libraries/STM32F10x_StdPeriph_Driver/src/stm32f10x_usart.o
LOAD Libraries/STM32F10x_StdPeriph_Driver/src/stm32f10x_wwdg.o
LOAD Libraries/UART/uart.o
LOAD Libraries/misc_stm32f103/stm32f103_misc.o
LOAD src/main.o
LOAD src/startup_stm32f10x_md.o
LOAD src/stm32f1xx_it.o
LOAD src/system_stm32f10x.o
LOAD src/tiny_printf.o
                0x0000000000000080                malloc_getpagesize_P = 0x80
START GROUP
LOAD /opt/Atollic_TrueSTUDIO_for_STM32_x86_64_9.3.0/ARMTools/bin/../lib/gcc/arm-atollic-eabi/6.3.1/../../../../arm-atollic-eabi/lib/armv7-m/libc_nano.a
LOAD /opt/Atollic_TrueSTUDIO_for_STM32_x86_64_9.3.0/ARMTools/bin/../lib/gcc/arm-atollic-eabi/6.3.1/../../../../arm-atollic-eabi/lib/armv7-m/libm.a
END GROUP
START GROUP
LOAD /opt/Atollic_TrueSTUDIO_for_STM32_x86_64_9.3.0/ARMTools/bin/../lib/gcc/arm-atollic-eabi/6.3.1/armv7-m/libgcc.a
LOAD /opt/Atollic_TrueSTUDIO_for_STM32_x86_64_9.3.0/ARMTools/bin/../lib/gcc/arm-atollic-eabi/6.3.1/../../../../arm-atollic-eabi/lib/armv7-m/libc_nano.a
END GROUP
START GROUP
LOAD /opt/Atollic_TrueSTUDIO_for_STM32_x86_64_9.3.0/ARMTools/bin/../lib/gcc/arm-atollic-eabi/6.3.1/armv7-m/libgcc.a
LOAD /opt/Atollic_TrueSTUDIO_for_STM32_x86_64_9.3.0/ARMTools/bin/../lib/gcc/arm-atollic-eabi/6.3.1/../../../../arm-atollic-eabi/lib/armv7-m/libc_nano.a
LOAD /opt/Atollic_TrueSTUDIO_for_STM32_x86_64_9.3.0/ARMTools/bin/../lib/gcc/arm-atollic-eabi/6.3.1/../../../../arm-atollic-eabi/lib/armv7-m/libnosys.a
END GROUP
START GROUP
LOAD /opt/Atollic_TrueSTUDIO_for_STM32_x86_64_9.3.0/ARMTools/bin/../lib/gcc/arm-atollic-eabi/6.3.1/armv7-m/libgcc.a
LOAD /opt/Atollic_TrueSTUDIO_for_STM32_x86_64_9.3.0/ARMTools/bin/../lib/gcc/arm-atollic-eabi/6.3.1/../../../../arm-atollic-eabi/lib/armv7-m/libc_nano.a
LOAD /opt/Atollic_TrueSTUDIO_for_STM32_x86_64_9.3.0/ARMTools/bin/../lib/gcc/arm-atollic-eabi/6.3.1/../../../../arm-atollic-eabi/lib/armv7-m/libnosys.a
END GROUP
LOAD /opt/Atollic_TrueSTUDIO_for_STM32_x86_64_9.3.0/ARMTools/bin/../lib/gcc/arm-atollic-eabi/6.3.1/armv7-m/crtend.o
LOAD /opt/Atollic_TrueSTUDIO_for_STM32_x86_64_9.3.0/ARMTools/bin/../lib/gcc/arm-atollic-eabi/6.3.1/armv7-m/crtn.o
                0x0000000020005000                _estack = 0x20005000
                0x0000000000000000                _Min_Heap_Size = 0x0
                0x0000000000000100                _Min_Stack_Size = 0x100

.isr_vector     0x0000000008000000      0x10c
                0x0000000008000000                . = ALIGN (0x4)
 *(.isr_vector)
 .isr_vector    0x0000000008000000      0x10c src/startup_stm32f10x_md.o
                0x0000000008000000                g_pfnVectors
                0x000000000800010c                . = ALIGN (0x4)

.text           0x0000000008000110     0x22f0
                0x0000000008000110                . = ALIGN (0x4)
 *(.text)
 .text          0x0000000008000110       0x40 /opt/Atollic_TrueSTUDIO_for_STM32_x86_64_9.3.0/ARMTools/bin/../lib/gcc/arm-atollic-eabi/6.3.1/armv7-m/crtbegin.o
 .text          0x0000000008000150      0x370 /opt/Atollic_TrueSTUDIO_for_STM32_x86_64_9.3.0/ARMTools/bin/../lib/gcc/arm-atollic-eabi/6.3.1/armv7-m/libgcc.a(_arm_addsubdf3.o)
                0x0000000008000150                __aeabi_drsub
                0x0000000008000158                __aeabi_dsub
                0x0000000008000158                __subdf3
                0x000000000800015c                __adddf3
                0x000000000800015c                __aeabi_dadd
                0x00000000080003d4                __aeabi_ui2d
                0x00000000080003d4                __floatunsidf
                0x00000000080003f4                __floatsidf
                0x00000000080003f4                __aeabi_i2d
                0x0000000008000418                __extendsfdf2
                0x0000000008000418                __aeabi_f2d
                0x0000000008000454                __aeabi_ul2d
                0x0000000008000454                __floatundidf
                0x0000000008000464                __floatdidf
                0x0000000008000464                __aeabi_l2d
 .text          0x00000000080004c0      0x424 /opt/Atollic_TrueSTUDIO_for_STM32_x86_64_9.3.0/ARMTools/bin/../lib/gcc/arm-atollic-eabi/6.3.1/armv7-m/libgcc.a(_arm_muldivdf3.o)
                0x00000000080004c0                __aeabi_dmul
                0x00000000080004c0                __muldf3
                0x0000000008000714                __aeabi_ddiv
                0x0000000008000714                __divdf3
 .text          0x00000000080008e4       0x40 /opt/Atollic_TrueSTUDIO_for_STM32_x86_64_9.3.0/ARMTools/bin/../lib/gcc/arm-atollic-eabi/6.3.1/armv7-m/libgcc.a(_arm_fixunsdfsi.o)
                0x00000000080008e4                __fixunsdfsi
                0x00000000080008e4                __aeabi_d2uiz
 *(.text*)
 .text.GPIO_Init
                0x0000000008000924      0x178 Libraries/STM32F10x_StdPeriph_Driver/src/stm32f10x_gpio.o
                0x0000000008000924                GPIO_Init
 .text.GPIO_ReadInputDataBit
                0x0000000008000a9c       0x32 Libraries/STM32F10x_StdPeriph_Driver/src/stm32f10x_gpio.o
                0x0000000008000a9c                GPIO_ReadInputDataBit
 .text.GPIO_SetBits
                0x0000000008000ace       0x1c Libraries/STM32F10x_StdPeriph_Driver/src/stm32f10x_gpio.o
                0x0000000008000ace                GPIO_SetBits
 .text.GPIO_ResetBits
                0x0000000008000aea       0x1c Libraries/STM32F10x_StdPeriph_Driver/src/stm32f10x_gpio.o
                0x0000000008000aea                GPIO_ResetBits
 *fill*         0x0000000008000b06        0x2 
 .text.RCC_GetClocksFreq
                0x0000000008000b08      0x160 Libraries/STM32F10x_StdPeriph_Driver/src/stm32f10x_rcc.o
                0x0000000008000b08                RCC_GetClocksFreq
 .text.RCC_APB2PeriphClockCmd
                0x0000000008000c68       0x3c Libraries/STM32F10x_StdPeriph_Driver/src/stm32f10x_rcc.o
                0x0000000008000c68                RCC_APB2PeriphClockCmd
 .text.RCC_APB1PeriphClockCmd
                0x0000000008000ca4       0x3c Libraries/STM32F10x_StdPeriph_Driver/src/stm32f10x_rcc.o
                0x0000000008000ca4                RCC_APB1PeriphClockCmd
 .text.TIM_TimeBaseInit
                0x0000000008000ce0       0xf8 Libraries/STM32F10x_StdPeriph_Driver/src/stm32f10x_tim.o
                0x0000000008000ce0                TIM_TimeBaseInit
 .text.TIM_OC1Init
                0x0000000008000dd8      0x118 Libraries/STM32F10x_StdPeriph_Driver/src/stm32f10x_tim.o
                0x0000000008000dd8                TIM_OC1Init
 .text.TIM_ICInit
                0x0000000008000ef0       0xa8 Libraries/STM32F10x_StdPeriph_Driver/src/stm32f10x_tim.o
                0x0000000008000ef0                TIM_ICInit
 .text.TIM_Cmd  0x0000000008000f98       0x3e Libraries/STM32F10x_StdPeriph_Driver/src/stm32f10x_tim.o
                0x0000000008000f98                TIM_Cmd
 .text.TIM_ITConfig
                0x0000000008000fd6       0x46 Libraries/STM32F10x_StdPeriph_Driver/src/stm32f10x_tim.o
                0x0000000008000fd6                TIM_ITConfig
 .text.TIM_OC1PreloadConfig
                0x000000000800101c       0x36 Libraries/STM32F10x_StdPeriph_Driver/src/stm32f10x_tim.o
                0x000000000800101c                TIM_OC1PreloadConfig
 .text.TIM_SetIC1Prescaler
                0x0000000008001052       0x36 Libraries/STM32F10x_StdPeriph_Driver/src/stm32f10x_tim.o
                0x0000000008001052                TIM_SetIC1Prescaler
 .text.TIM_SetIC2Prescaler
                0x0000000008001088       0x3a Libraries/STM32F10x_StdPeriph_Driver/src/stm32f10x_tim.o
                0x0000000008001088                TIM_SetIC2Prescaler
 .text.TIM_SetIC3Prescaler
                0x00000000080010c2       0x36 Libraries/STM32F10x_StdPeriph_Driver/src/stm32f10x_tim.o
                0x00000000080010c2                TIM_SetIC3Prescaler
 .text.TIM_SetIC4Prescaler
                0x00000000080010f8       0x3a Libraries/STM32F10x_StdPeriph_Driver/src/stm32f10x_tim.o
                0x00000000080010f8                TIM_SetIC4Prescaler
 .text.TIM_GetITStatus
                0x0000000008001132       0x52 Libraries/STM32F10x_StdPeriph_Driver/src/stm32f10x_tim.o
                0x0000000008001132                TIM_GetITStatus
 .text.TIM_ClearITPendingBit
                0x0000000008001184       0x20 Libraries/STM32F10x_StdPeriph_Driver/src/stm32f10x_tim.o
                0x0000000008001184                TIM_ClearITPendingBit
 .text.TI1_Config
                0x00000000080011a4       0xe0 Libraries/STM32F10x_StdPeriph_Driver/src/stm32f10x_tim.o
 .text.TI2_Config
                0x0000000008001284       0xf4 Libraries/STM32F10x_StdPeriph_Driver/src/stm32f10x_tim.o
 .text.TI3_Config
                0x0000000008001378       0xec Libraries/STM32F10x_StdPeriph_Driver/src/stm32f10x_tim.o
 .text.TI4_Config
                0x0000000008001464       0xf8 Libraries/STM32F10x_StdPeriph_Driver/src/stm32f10x_tim.o
 .text.USART_Init
                0x000000000800155c      0x174 Libraries/STM32F10x_StdPeriph_Driver/src/stm32f10x_usart.o
                0x000000000800155c                USART_Init
 .text.USART_Cmd
                0x00000000080016d0       0x3e Libraries/STM32F10x_StdPeriph_Driver/src/stm32f10x_usart.o
                0x00000000080016d0                USART_Cmd
 .text.USART_ITConfig
                0x000000000800170e       0x8e Libraries/STM32F10x_StdPeriph_Driver/src/stm32f10x_usart.o
                0x000000000800170e                USART_ITConfig
 .text.USART_SendData
                0x000000000800179c       0x22 Libraries/STM32F10x_StdPeriph_Driver/src/stm32f10x_usart.o
                0x000000000800179c                USART_SendData
 .text.USART_ReceiveData
                0x00000000080017be       0x1e Libraries/STM32F10x_StdPeriph_Driver/src/stm32f10x_usart.o
                0x00000000080017be                USART_ReceiveData
 .text.USART_GetFlagStatus
                0x00000000080017dc       0x36 Libraries/STM32F10x_StdPeriph_Driver/src/stm32f10x_usart.o
                0x00000000080017dc                USART_GetFlagStatus
 .text.USART_GetITStatus
                0x0000000008001812       0xb4 Libraries/STM32F10x_StdPeriph_Driver/src/stm32f10x_usart.o
                0x0000000008001812                USART_GetITStatus
 .text.USART_ClearITPendingBit
                0x00000000080018c6       0x38 Libraries/STM32F10x_StdPeriph_Driver/src/stm32f10x_usart.o
                0x00000000080018c6                USART_ClearITPendingBit
 *fill*         0x00000000080018fe        0x2 
 .text.NVIC_GetPriorityGrouping
                0x0000000008001900       0x1c Libraries/UART/uart.o
 .text.NVIC_EnableIRQ
                0x000000000800191c       0x30 Libraries/UART/uart.o
 .text.NVIC_SetPriority
                0x000000000800194c       0x54 Libraries/UART/uart.o
 .text.NVIC_EncodePriority
                0x00000000080019a0       0x64 Libraries/UART/uart.o
 .text.USART1_PC_Init
                0x0000000008001a04       0xac Libraries/UART/uart.o
                0x0000000008001a04                USART1_PC_Init
 .text.USART_PutChar
                0x0000000008001ab0       0x34 Libraries/UART/uart.o
                0x0000000008001ab0                USART_PutChar
 .text.USART_GetChar
                0x0000000008001ae4       0x24 Libraries/UART/uart.o
                0x0000000008001ae4                USART_GetChar
 .text.USART_SendUInt_32
                0x0000000008001b08       0x46 Libraries/UART/uart.o
                0x0000000008001b08                USART_SendUInt_32
 *fill*         0x0000000008001b4e        0x2 
 .text.NVIC_GetPriorityGrouping
                0x0000000008001b50       0x1c Libraries/misc_stm32f103/stm32f103_misc.o
 .text.NVIC_EnableIRQ
                0x0000000008001b6c       0x30 Libraries/misc_stm32f103/stm32f103_misc.o
 .text.NVIC_SetPriority
                0x0000000008001b9c       0x54 Libraries/misc_stm32f103/stm32f103_misc.o
 .text.NVIC_EncodePriority
                0x0000000008001bf0       0x64 Libraries/misc_stm32f103/stm32f103_misc.o
 .text.SysTick_Config
                0x0000000008001c54       0x44 Libraries/misc_stm32f103/stm32f103_misc.o
 .text.Systick_init
                0x0000000008001c98       0x14 Libraries/misc_stm32f103/stm32f103_misc.o
                0x0000000008001c98                Systick_init
 .text.Delay_ms
                0x0000000008001cac       0x38 Libraries/misc_stm32f103/stm32f103_misc.o
                0x0000000008001cac                Delay_ms
 .text.Output_setup
                0x0000000008001ce4       0x74 Libraries/misc_stm32f103/stm32f103_misc.o
                0x0000000008001ce4                Output_setup
 .text.Timer_setup
                0x0000000008001d58      0x19c Libraries/misc_stm32f103/stm32f103_misc.o
                0x0000000008001d58                Timer_setup
 .text.Button_init
                0x0000000008001ef4       0x30 Libraries/misc_stm32f103/stm32f103_misc.o
                0x0000000008001ef4                Button_init
 .text.Get_PWM  0x0000000008001f24       0x18 Libraries/misc_stm32f103/stm32f103_misc.o
                0x0000000008001f24                Get_PWM
 .text.Set_PWM  0x0000000008001f3c       0x28 Libraries/misc_stm32f103/stm32f103_misc.o
                0x0000000008001f3c                Set_PWM
 .text.NVIC_SetPriorityGrouping
                0x0000000008001f64       0x48 src/main.o
 .text.USART1_IRQHandler
                0x0000000008001fac       0xcc src/main.o
                0x0000000008001fac                USART1_IRQHandler
 .text.TIM2_IRQHandler
                0x0000000008002078       0x5c src/main.o
                0x0000000008002078                TIM2_IRQHandler
 .text.TIM4_IRQHandler
                0x00000000080020d4       0x40 src/main.o
                0x00000000080020d4                TIM4_IRQHandler
 .text.SysTick_Handler
                0x0000000008002114       0x1c src/main.o
                0x0000000008002114                SysTick_Handler
 .text.main     0x0000000008002130       0x60 src/main.o
                0x0000000008002130                main
 .text.Reset_Handler
                0x0000000008002190       0x50 src/startup_stm32f10x_md.o
                0x0000000008002190                Reset_Handler
 .text.Default_Handler
                0x00000000080021e0        0x2 src/startup_stm32f10x_md.o
                0x00000000080021e0                EXTI2_IRQHandler
                0x00000000080021e0                TIM1_CC_IRQHandler
                0x00000000080021e0                PVD_IRQHandler
                0x00000000080021e0                EXTI3_IRQHandler
                0x00000000080021e0                EXTI0_IRQHandler
                0x00000000080021e0                I2C2_EV_IRQHandler
                0x00000000080021e0                ADC1_2_IRQHandler
                0x00000000080021e0                SPI1_IRQHandler
                0x00000000080021e0                TAMPER_IRQHandler
                0x00000000080021e0                DMA1_Channel4_IRQHandler
                0x00000000080021e0                USART3_IRQHandler
                0x00000000080021e0                RTC_IRQHandler
                0x00000000080021e0                DMA1_Channel7_IRQHandler
                0x00000000080021e0                CAN1_RX1_IRQHandler
                0x00000000080021e0                I2C1_EV_IRQHandler
                0x00000000080021e0                DMA1_Channel6_IRQHandler
                0x00000000080021e0                TIM3_IRQHandler
                0x00000000080021e0                RCC_IRQHandler
                0x00000000080021e0                TIM1_TRG_COM_IRQHandler
                0x00000000080021e0                DMA1_Channel1_IRQHandler
                0x00000000080021e0                Default_Handler
                0x00000000080021e0                EXTI15_10_IRQHandler
                0x00000000080021e0                EXTI9_5_IRQHandler
                0x00000000080021e0                SPI2_IRQHandler
                0x00000000080021e0                DMA1_Channel5_IRQHandler
                0x00000000080021e0                EXTI4_IRQHandler
                0x00000000080021e0                USB_LP_CAN1_RX0_IRQHandler
                0x00000000080021e0                USB_HP_CAN1_TX_IRQHandler
                0x00000000080021e0                DMA1_Channel3_IRQHandler
                0x00000000080021e0                TIM1_UP_IRQHandler
                0x00000000080021e0                WWDG_IRQHandler
                0x00000000080021e0                TIM1_BRK_IRQHandler
                0x00000000080021e0                EXTI1_IRQHandler
                0x00000000080021e0                RTCAlarm_IRQHandler
                0x00000000080021e0                USART2_IRQHandler
                0x00000000080021e0                I2C2_ER_IRQHandler
                0x00000000080021e0                DMA1_Channel2_IRQHandler
                0x00000000080021e0                CAN1_SCE_IRQHandler
                0x00000000080021e0                FLASH_IRQHandler
                0x00000000080021e0                I2C1_ER_IRQHandler
                0x00000000080021e0                USBWakeUp_IRQHandler
 .text.NMI_Handler
                0x00000000080021e2        0xc src/stm32f1xx_it.o
                0x00000000080021e2                NMI_Handler
 .text.HardFault_Handler
                0x00000000080021ee        0x6 src/stm32f1xx_it.o
                0x00000000080021ee                HardFault_Handler
 .text.MemManage_Handler
                0x00000000080021f4        0x6 src/stm32f1xx_it.o
                0x00000000080021f4                MemManage_Handler
 .text.BusFault_Handler
                0x00000000080021fa        0x6 src/stm32f1xx_it.o
                0x00000000080021fa                BusFault_Handler
 .text.UsageFault_Handler
                0x0000000008002200        0x6 src/stm32f1xx_it.o
                0x0000000008002200                UsageFault_Handler
 .text.SVC_Handler
                0x0000000008002206        0xc src/stm32f1xx_it.o
                0x0000000008002206                SVC_Handler
 .text.DebugMon_Handler
                0x0000000008002212        0xc src/stm32f1xx_it.o
                0x0000000008002212                DebugMon_Handler
 .text.PendSV_Handler
                0x000000000800221e        0xc src/stm32f1xx_it.o
                0x000000000800221e                PendSV_Handler
 *fill*         0x000000000800222a        0x2 
 .text.SystemInit
                0x000000000800222c       0x68 src/system_stm32f10x.o
                0x000000000800222c                SystemInit
 .text.SetSysClock
                0x0000000008002294        0xc src/system_stm32f10x.o
 .text.SetSysClockTo72
                0x00000000080022a0      0x100 src/system_stm32f10x.o
 .text.__libc_init_array
                0x00000000080023a0       0x48 /opt/Atollic_TrueSTUDIO_for_STM32_x86_64_9.3.0/ARMTools/bin/../lib/gcc/arm-atollic-eabi/6.3.1/../../../../arm-atollic-eabi/lib/armv7-m/libc_nano.a(lib_a-init.o)
                0x00000000080023a0                __libc_init_array
 *(.glue_7)
 .glue_7        0x00000000080023e8        0x0 linker stubs
 *(.glue_7t)
 .glue_7t       0x00000000080023e8        0x0 linker stubs
 *(.eh_frame)
 .eh_frame      0x00000000080023e8        0x0 /opt/Atollic_TrueSTUDIO_for_STM32_x86_64_9.3.0/ARMTools/bin/../lib/gcc/arm-atollic-eabi/6.3.1/armv7-m/crtbegin.o
 *(.init)
 .init          0x00000000080023e8        0x4 /opt/Atollic_TrueSTUDIO_for_STM32_x86_64_9.3.0/ARMTools/bin/../lib/gcc/arm-atollic-eabi/6.3.1/armv7-m/crti.o
                0x00000000080023e8                _init
 .init          0x00000000080023ec        0x8 /opt/Atollic_TrueSTUDIO_for_STM32_x86_64_9.3.0/ARMTools/bin/../lib/gcc/arm-atollic-eabi/6.3.1/armv7-m/crtn.o
 *(.fini)
 .fini          0x00000000080023f4        0x4 /opt/Atollic_TrueSTUDIO_for_STM32_x86_64_9.3.0/ARMTools/bin/../lib/gcc/arm-atollic-eabi/6.3.1/armv7-m/crti.o
                0x00000000080023f4                _fini
 .fini          0x00000000080023f8        0x8 /opt/Atollic_TrueSTUDIO_for_STM32_x86_64_9.3.0/ARMTools/bin/../lib/gcc/arm-atollic-eabi/6.3.1/armv7-m/crtn.o
                0x0000000008002400                . = ALIGN (0x4)
                0x0000000008002400                _etext = .

.vfp11_veneer   0x0000000008002400        0x0
 .vfp11_veneer  0x0000000008002400        0x0 linker stubs

.v4_bx          0x0000000008002400        0x0
 .v4_bx         0x0000000008002400        0x0 linker stubs

.iplt           0x0000000008002400        0x0
 .iplt          0x0000000008002400        0x0 /opt/Atollic_TrueSTUDIO_for_STM32_x86_64_9.3.0/ARMTools/bin/../lib/gcc/arm-atollic-eabi/6.3.1/armv7-m/crtbegin.o

.rodata         0x0000000008002400        0x4
                0x0000000008002400                . = ALIGN (0x4)
 *(.rodata)
 *(.rodata*)
 .rodata.PWM_period
                0x0000000008002400        0x2 Libraries/misc_stm32f103/stm32f103_misc.o
                0x0000000008002400                PWM_period
                0x0000000008002404                . = ALIGN (0x4)
 *fill*         0x0000000008002402        0x2 

.rel.dyn        0x0000000008002404        0x0
 .rel.iplt      0x0000000008002404        0x0 /opt/Atollic_TrueSTUDIO_for_STM32_x86_64_9.3.0/ARMTools/bin/../lib/gcc/arm-atollic-eabi/6.3.1/armv7-m/crtbegin.o

.ARM.extab
 *(.ARM.extab* .gnu.linkonce.armextab.*)

.ARM            0x0000000008002404        0x0
                0x0000000008002404                __exidx_start = .
 *(.ARM.exidx*)
                0x0000000008002404                __exidx_end = .

.preinit_array  0x0000000008002404        0x0
                0x0000000008002404                PROVIDE (__preinit_array_start, .)
 *(.preinit_array*)
                0x0000000008002404                PROVIDE (__preinit_array_end, .)

.init_array     0x0000000008002404        0x4
                0x0000000008002404                PROVIDE (__init_array_start, .)
 *(SORT(.init_array.*))
 *(.init_array*)
 .init_array    0x0000000008002404        0x4 /opt/Atollic_TrueSTUDIO_for_STM32_x86_64_9.3.0/ARMTools/bin/../lib/gcc/arm-atollic-eabi/6.3.1/armv7-m/crtbegin.o
                0x0000000008002408                PROVIDE (__init_array_end, .)

.fini_array     0x0000000008002408        0x4
                [!provide]                        PROVIDE (__fini_array_start, .)
 *(SORT(.fini_array.*))
 *(.fini_array*)
 .fini_array    0x0000000008002408        0x4 /opt/Atollic_TrueSTUDIO_for_STM32_x86_64_9.3.0/ARMTools/bin/../lib/gcc/arm-atollic-eabi/6.3.1/armv7-m/crtbegin.o
                [!provide]                        PROVIDE (__fini_array_end, .)
                0x000000000800240c                _sidata = LOADADDR (.data)

.data           0x0000000020000000       0x14 load address 0x000000000800240c
                0x0000000020000000                . = ALIGN (0x4)
                0x0000000020000000                _sdata = .
 *(.data)
 *(.data*)
 .data.APBAHBPrescTable
                0x0000000020000000       0x10 Libraries/STM32F10x_StdPeriph_Driver/src/stm32f10x_rcc.o
 .data.ADCPrescTable
                0x0000000020000010        0x4 Libraries/STM32F10x_StdPeriph_Driver/src/stm32f10x_rcc.o
                0x0000000020000014                . = ALIGN (0x4)
                0x0000000020000014                _edata = .

.igot.plt       0x0000000020000014        0x0 load address 0x0000000008002420
 .igot.plt      0x0000000020000014        0x0 /opt/Atollic_TrueSTUDIO_for_STM32_x86_64_9.3.0/ARMTools/bin/../lib/gcc/arm-atollic-eabi/6.3.1/armv7-m/crtbegin.o
                0x0000000020000014                . = ALIGN (0x4)

.bss            0x0000000020000014       0x44 load address 0x0000000008002420
                0x0000000020000014                _sbss = .
                0x0000000020000014                __bss_start__ = _sbss
 *(.bss)
 .bss           0x0000000020000014       0x1c /opt/Atollic_TrueSTUDIO_for_STM32_x86_64_9.3.0/ARMTools/bin/../lib/gcc/arm-atollic-eabi/6.3.1/armv7-m/crtbegin.o
 *(.bss*)
 .bss.startTime
                0x0000000020000030        0x4 Libraries/misc_stm32f103/stm32f103_misc.o
 .bss.noMs      0x0000000020000034        0x4 src/main.o
                0x0000000020000034                noMs
 .bss.pulse_ticks
                0x0000000020000038        0x2 src/main.o
                0x0000000020000038                pulse_ticks
 *fill*         0x000000002000003a        0x2 
 .bss.start_time
                0x000000002000003c        0x4 src/main.o
                0x000000002000003c                start_time
 .bss.end_time  0x0000000020000040        0x4 src/main.o
                0x0000000020000040                end_time
 *(COMMON)
 COMMON         0x0000000020000044       0x11 src/main.o
                0x0000000020000044                currentPWM
                0x0000000020000048                buff
                0x000000002000004c                voltage
                0x0000000020000050                current
                0x0000000020000054                receivedChar
                0x0000000020000058                . = ALIGN (0x4)
 *fill*         0x0000000020000055        0x3 
                0x0000000020000058                _ebss = .
                0x0000000020000058                __bss_end__ = _ebss

._user_heap_stack
                0x0000000020000058      0x100 load address 0x0000000008002420
                0x0000000020000058                . = ALIGN (0x4)
                0x0000000020000058                PROVIDE (end, .)
                [!provide]                        PROVIDE (_end, .)
                0x0000000020000058                . = (. + _Min_Heap_Size)
                0x0000000020000158                . = (. + _Min_Stack_Size)
 *fill*         0x0000000020000058      0x100 
                0x0000000020000158                . = ALIGN (0x4)

.memory_b1_text
 *(.mb1text)
 *(.mb1text*)
 *(.mb1rodata)
 *(.mb1rodata*)

/DISCARD/
 libc.a(*)
 libm.a(*)
 libgcc.a(*)

.ARM.attributes
                0x0000000000000000       0x29
 *(.ARM.attributes)
 .ARM.attributes
                0x0000000000000000       0x1d /opt/Atollic_TrueSTUDIO_for_STM32_x86_64_9.3.0/ARMTools/bin/../lib/gcc/arm-atollic-eabi/6.3.1/armv7-m/crti.o
 .ARM.attributes
                0x000000000000001d       0x2d /opt/Atollic_TrueSTUDIO_for_STM32_x86_64_9.3.0/ARMTools/bin/../lib/gcc/arm-atollic-eabi/6.3.1/armv7-m/crtbegin.o
 .ARM.attributes
                0x000000000000004a       0x33 Libraries/STM32F10x_StdPeriph_Driver/src/stm32f10x_gpio.o
 .ARM.attributes
                0x000000000000007d       0x33 Libraries/STM32F10x_StdPeriph_Driver/src/stm32f10x_rcc.o
 .ARM.attributes
                0x00000000000000b0       0x33 Libraries/STM32F10x_StdPeriph_Driver/src/stm32f10x_tim.o
 .ARM.attributes
                0x00000000000000e3       0x33 Libraries/STM32F10x_StdPeriph_Driver/src/stm32f10x_usart.o
 .ARM.attributes
                0x0000000000000116       0x33 Libraries/UART/uart.o
 .ARM.attributes
                0x0000000000000149       0x33 Libraries/misc_stm32f103/stm32f103_misc.o
 .ARM.attributes
                0x000000000000017c       0x33 src/main.o
 .ARM.attributes
                0x00000000000001af       0x21 src/startup_stm32f10x_md.o
 .ARM.attributes
                0x00000000000001d0       0x33 src/stm32f1xx_it.o
 .ARM.attributes
                0x0000000000000203       0x33 src/system_stm32f10x.o
 .ARM.attributes
                0x0000000000000236       0x2d /opt/Atollic_TrueSTUDIO_for_STM32_x86_64_9.3.0/ARMTools/bin/../lib/gcc/arm-atollic-eabi/6.3.1/../../../../arm-atollic-eabi/lib/armv7-m/libc_nano.a(lib_a-init.o)
 .ARM.attributes
                0x0000000000000263       0x1d /opt/Atollic_TrueSTUDIO_for_STM32_x86_64_9.3.0/ARMTools/bin/../lib/gcc/arm-atollic-eabi/6.3.1/armv7-m/libgcc.a(_arm_addsubdf3.o)
 .ARM.attributes
                0x0000000000000280       0x1d /opt/Atollic_TrueSTUDIO_for_STM32_x86_64_9.3.0/ARMTools/bin/../lib/gcc/arm-atollic-eabi/6.3.1/armv7-m/libgcc.a(_arm_muldivdf3.o)
 .ARM.attributes
                0x000000000000029d       0x1d /opt/Atollic_TrueSTUDIO_for_STM32_x86_64_9.3.0/ARMTools/bin/../lib/gcc/arm-atollic-eabi/6.3.1/armv7-m/libgcc.a(_arm_fixunsdfsi.o)
 .ARM.attributes
                0x00000000000002ba       0x1d /opt/Atollic_TrueSTUDIO_for_STM32_x86_64_9.3.0/ARMTools/bin/../lib/gcc/arm-atollic-eabi/6.3.1/armv7-m/crtn.o
OUTPUT(up-dc-motor-control.elf elf32-littlearm)

.debug_info     0x0000000000000000     0x6230
 .debug_info    0x0000000000000000      0x701 Libraries/STM32F10x_StdPeriph_Driver/src/stm32f10x_gpio.o
 .debug_info    0x0000000000000701      0x8b2 Libraries/STM32F10x_StdPeriph_Driver/src/stm32f10x_rcc.o
 .debug_info    0x0000000000000fb3     0x1c6b Libraries/STM32F10x_StdPeriph_Driver/src/stm32f10x_tim.o
 .debug_info    0x0000000000002c1e      0x9fb Libraries/STM32F10x_StdPeriph_Driver/src/stm32f10x_usart.o
 .debug_info    0x0000000000003619      0x940 Libraries/UART/uart.o
 .debug_info    0x0000000000003f59      0xc7d Libraries/misc_stm32f103/stm32f103_misc.o
 .debug_info    0x0000000000004bd6      0xfdf src/main.o
 .debug_info    0x0000000000005bb5       0x91 src/startup_stm32f10x_md.o
 .debug_info    0x0000000000005c46      0x143 src/stm32f1xx_it.o
 .debug_info    0x0000000000005d89      0x4a7 src/system_stm32f10x.o

.debug_abbrev   0x0000000000000000      0xf93
 .debug_abbrev  0x0000000000000000      0x1dd Libraries/STM32F10x_StdPeriph_Driver/src/stm32f10x_gpio.o
 .debug_abbrev  0x00000000000001dd      0x1cf Libraries/STM32F10x_StdPeriph_Driver/src/stm32f10x_rcc.o
 .debug_abbrev  0x00000000000003ac      0x1c3 Libraries/STM32F10x_StdPeriph_Driver/src/stm32f10x_tim.o
 .debug_abbrev  0x000000000000056f      0x18f Libraries/STM32F10x_StdPeriph_Driver/src/stm32f10x_usart.o
 .debug_abbrev  0x00000000000006fe      0x214 Libraries/UART/uart.o
 .debug_abbrev  0x0000000000000912      0x28d Libraries/misc_stm32f103/stm32f103_misc.o
 .debug_abbrev  0x0000000000000b9f      0x1fc src/main.o
 .debug_abbrev  0x0000000000000d9b       0x12 src/startup_stm32f10x_md.o
 .debug_abbrev  0x0000000000000dad       0x78 src/stm32f1xx_it.o
 .debug_abbrev  0x0000000000000e25      0x16e src/system_stm32f10x.o

.debug_aranges  0x0000000000000000      0x798
 .debug_aranges
                0x0000000000000000       0xa8 Libraries/STM32F10x_StdPeriph_Driver/src/stm32f10x_gpio.o
 .debug_aranges
                0x00000000000000a8      0x118 Libraries/STM32F10x_StdPeriph_Driver/src/stm32f10x_rcc.o
 .debug_aranges
                0x00000000000001c0      0x2f0 Libraries/STM32F10x_StdPeriph_Driver/src/stm32f10x_tim.o
 .debug_aranges
                0x00000000000004b0      0x100 Libraries/STM32F10x_StdPeriph_Driver/src/stm32f10x_usart.o
 .debug_aranges
                0x00000000000005b0       0x68 Libraries/UART/uart.o
 .debug_aranges
                0x0000000000000618       0x80 Libraries/misc_stm32f103/stm32f103_misc.o
 .debug_aranges
                0x0000000000000698       0x48 src/main.o
 .debug_aranges
                0x00000000000006e0       0x28 src/startup_stm32f10x_md.o
 .debug_aranges
                0x0000000000000708       0x58 src/stm32f1xx_it.o
 .debug_aranges
                0x0000000000000760       0x38 src/system_stm32f10x.o

.debug_ranges   0x0000000000000000      0x700
 .debug_ranges  0x0000000000000000       0x98 Libraries/STM32F10x_StdPeriph_Driver/src/stm32f10x_gpio.o
 .debug_ranges  0x0000000000000098      0x108 Libraries/STM32F10x_StdPeriph_Driver/src/stm32f10x_rcc.o
 .debug_ranges  0x00000000000001a0      0x2e0 Libraries/STM32F10x_StdPeriph_Driver/src/stm32f10x_tim.o
 .debug_ranges  0x0000000000000480       0xf0 Libraries/STM32F10x_StdPeriph_Driver/src/stm32f10x_usart.o
 .debug_ranges  0x0000000000000570       0x58 Libraries/UART/uart.o
 .debug_ranges  0x00000000000005c8       0x70 Libraries/misc_stm32f103/stm32f103_misc.o
 .debug_ranges  0x0000000000000638       0x38 src/main.o
 .debug_ranges  0x0000000000000670       0x20 src/startup_stm32f10x_md.o
 .debug_ranges  0x0000000000000690       0x48 src/stm32f1xx_it.o
 .debug_ranges  0x00000000000006d8       0x28 src/system_stm32f10x.o

.debug_line     0x0000000000000000     0x2727
 .debug_line    0x0000000000000000      0x3d3 Libraries/STM32F10x_StdPeriph_Driver/src/stm32f10x_gpio.o
 .debug_line    0x00000000000003d3      0x4ce Libraries/STM32F10x_StdPeriph_Driver/src/stm32f10x_rcc.o
 .debug_line    0x00000000000008a1      0xb53 Libraries/STM32F10x_StdPeriph_Driver/src/stm32f10x_tim.o
 .debug_line    0x00000000000013f4      0x4b5 Libraries/STM32F10x_StdPeriph_Driver/src/stm32f10x_usart.o
 .debug_line    0x00000000000018a9      0x2f0 Libraries/UART/uart.o
 .debug_line    0x0000000000001b99      0x37c Libraries/misc_stm32f103/stm32f103_misc.o
 .debug_line    0x0000000000001f15      0x359 src/main.o
 .debug_line    0x000000000000226e       0x7c src/startup_stm32f10x_md.o
 .debug_line    0x00000000000022ea      0x209 src/stm32f1xx_it.o
 .debug_line    0x00000000000024f3      0x234 src/system_stm32f10x.o

.debug_str      0x0000000000000000     0x2615
 .debug_str     0x0000000000000000      0x54d Libraries/STM32F10x_StdPeriph_Driver/src/stm32f10x_gpio.o
                                        0x5a3 (size before relaxing)
 .debug_str     0x000000000000054d      0x44d Libraries/STM32F10x_StdPeriph_Driver/src/stm32f10x_rcc.o
                                        0x6a4 (size before relaxing)
 .debug_str     0x000000000000099a      0xbd0 Libraries/STM32F10x_StdPeriph_Driver/src/stm32f10x_tim.o
                                        0xe67 (size before relaxing)
 .debug_str     0x000000000000156a      0x42a Libraries/STM32F10x_StdPeriph_Driver/src/stm32f10x_usart.o
                                        0x71a (size before relaxing)
 .debug_str     0x0000000000001994      0x498 Libraries/UART/uart.o
                                        0x895 (size before relaxing)
 .debug_str     0x0000000000001e2c      0x1b8 Libraries/misc_stm32f103/stm32f103_misc.o
                                        0xb48 (size before relaxing)
 .debug_str     0x0000000000001fe4      0x520 src/main.o
                                        0x918 (size before relaxing)
 .debug_str     0x0000000000002504       0x96 src/stm32f1xx_it.o
                                        0x259 (size before relaxing)
 .debug_str     0x000000000000259a       0x7b src/system_stm32f10x.o
                                        0x345 (size before relaxing)

.comment        0x0000000000000000       0x7c
 .comment       0x0000000000000000       0x7c Libraries/STM32F10x_StdPeriph_Driver/src/stm32f10x_gpio.o
                                         0x7d (size before relaxing)
 .comment       0x000000000000007c       0x7d Libraries/STM32F10x_StdPeriph_Driver/src/stm32f10x_rcc.o
 .comment       0x000000000000007c       0x7d Libraries/STM32F10x_StdPeriph_Driver/src/stm32f10x_tim.o
 .comment       0x000000000000007c       0x7d Libraries/STM32F10x_StdPeriph_Driver/src/stm32f10x_usart.o
 .comment       0x000000000000007c       0x7d Libraries/UART/uart.o
 .comment       0x000000000000007c       0x7d Libraries/misc_stm32f103/stm32f103_misc.o
 .comment       0x000000000000007c       0x7d src/main.o
 .comment       0x000000000000007c       0x7d src/stm32f1xx_it.o
 .comment       0x000000000000007c       0x7d src/system_stm32f10x.o

.debug_frame    0x0000000000000000     0x2184
 .debug_frame   0x0000000000000000      0x2d0 Libraries/STM32F10x_StdPeriph_Driver/src/stm32f10x_gpio.o
 .debug_frame   0x00000000000002d0      0x4f4 Libraries/STM32F10x_StdPeriph_Driver/src/stm32f10x_rcc.o
 .debug_frame   0x00000000000007c4      0xe2c Libraries/STM32F10x_StdPeriph_Driver/src/stm32f10x_tim.o
 .debug_frame   0x00000000000015f0      0x490 Libraries/STM32F10x_StdPeriph_Driver/src/stm32f10x_usart.o
 .debug_frame   0x0000000000001a80      0x178 Libraries/UART/uart.o
 .debug_frame   0x0000000000001bf8      0x1f0 Libraries/misc_stm32f103/stm32f103_misc.o
 .debug_frame   0x0000000000001de8       0xc8 src/main.o
 .debug_frame   0x0000000000001eb0       0xf0 src/stm32f1xx_it.o
 .debug_frame   0x0000000000001fa0       0x98 src/system_stm32f10x.o
 .debug_frame   0x0000000000002038       0x2c /opt/Atollic_TrueSTUDIO_for_STM32_x86_64_9.3.0/ARMTools/bin/../lib/gcc/arm-atollic-eabi/6.3.1/../../../../arm-atollic-eabi/lib/armv7-m/libc_nano.a(lib_a-init.o)
 .debug_frame   0x0000000000002064       0xac /opt/Atollic_TrueSTUDIO_for_STM32_x86_64_9.3.0/ARMTools/bin/../lib/gcc/arm-atollic-eabi/6.3.1/armv7-m/libgcc.a(_arm_addsubdf3.o)
 .debug_frame   0x0000000000002110       0x50 /opt/Atollic_TrueSTUDIO_for_STM32_x86_64_9.3.0/ARMTools/bin/../lib/gcc/arm-atollic-eabi/6.3.1/armv7-m/libgcc.a(_arm_muldivdf3.o)
 .debug_frame   0x0000000000002160       0x24 /opt/Atollic_TrueSTUDIO_for_STM32_x86_64_9.3.0/ARMTools/bin/../lib/gcc/arm-atollic-eabi/6.3.1/armv7-m/libgcc.a(_arm_fixunsdfsi.o)

.stabstr        0x0000000000000000       0x3f
 .stabstr       0x0000000000000000       0x3f /opt/Atollic_TrueSTUDIO_for_STM32_x86_64_9.3.0/ARMTools/bin/../lib/gcc/arm-atollic-eabi/6.3.1/../../../../arm-atollic-eabi/lib/armv7-m/libnosys.a(write.o)

Cross Reference Table

Symbol                                            File
ADC1_2_IRQHandler                                 src/startup_stm32f10x_md.o
ADC_AnalogWatchdogCmd                             Libraries/STM32F10x_StdPeriph_Driver/src/stm32f10x_adc.o
ADC_AnalogWatchdogSingleChannelConfig             Libraries/STM32F10x_StdPeriph_Driver/src/stm32f10x_adc.o
ADC_AnalogWatchdogThresholdsConfig                Libraries/STM32F10x_StdPeriph_Driver/src/stm32f10x_adc.o
ADC_AutoInjectedConvCmd                           Libraries/STM32F10x_StdPeriph_Driver/src/stm32f10x_adc.o
ADC_ClearFlag                                     Libraries/STM32F10x_StdPeriph_Driver/src/stm32f10x_adc.o
ADC_ClearITPendingBit                             Libraries/STM32F10x_StdPeriph_Driver/src/stm32f10x_adc.o
ADC_Cmd                                           Libraries/STM32F10x_StdPeriph_Driver/src/stm32f10x_adc.o
ADC_DMACmd                                        Libraries/STM32F10x_StdPeriph_Driver/src/stm32f10x_adc.o
ADC_DeInit                                        Libraries/STM32F10x_StdPeriph_Driver/src/stm32f10x_adc.o
ADC_DiscModeChannelCountConfig                    Libraries/STM32F10x_StdPeriph_Driver/src/stm32f10x_adc.o
ADC_DiscModeCmd                                   Libraries/STM32F10x_StdPeriph_Driver/src/stm32f10x_adc.o
ADC_ExternalTrigConvCmd                           Libraries/STM32F10x_StdPeriph_Driver/src/stm32f10x_adc.o
ADC_ExternalTrigInjectedConvCmd                   Libraries/STM32F10x_StdPeriph_Driver/src/stm32f10x_adc.o
ADC_ExternalTrigInjectedConvConfig                Libraries/STM32F10x_StdPeriph_Driver/src/stm32f10x_adc.o
ADC_GetCalibrationStatus                          Libraries/STM32F10x_StdPeriph_Driver/src/stm32f10x_adc.o
ADC_GetConversionValue                            Libraries/STM32F10x_StdPeriph_Driver/src/stm32f10x_adc.o
ADC_GetDualModeConversionValue                    Libraries/STM32F10x_StdPeriph_Driver/src/stm32f10x_adc.o
ADC_GetFlagStatus                                 Libraries/STM32F10x_StdPeriph_Driver/src/stm32f10x_adc.o
ADC_GetITStatus                                   Libraries/STM32F10x_StdPeriph_Driver/src/stm32f10x_adc.o
ADC_GetInjectedConversionValue                    Libraries/STM32F10x_StdPeriph_Driver/src/stm32f10x_adc.o
ADC_GetResetCalibrationStatus                     Libraries/STM32F10x_StdPeriph_Driver/src/stm32f10x_adc.o
ADC_GetSoftwareStartConvStatus                    Libraries/STM32F10x_StdPeriph_Driver/src/stm32f10x_adc.o
ADC_GetSoftwareStartInjectedConvCmdStatus         Libraries/STM32F10x_StdPeriph_Driver/src/stm32f10x_adc.o
ADC_ITConfig                                      Libraries/STM32F10x_StdPeriph_Driver/src/stm32f10x_adc.o
ADC_Init                                          Libraries/STM32F10x_StdPeriph_Driver/src/stm32f10x_adc.o
ADC_InjectedChannelConfig                         Libraries/STM32F10x_StdPeriph_Driver/src/stm32f10x_adc.o
ADC_InjectedDiscModeCmd                           Libraries/STM32F10x_StdPeriph_Driver/src/stm32f10x_adc.o
ADC_InjectedSequencerLengthConfig                 Libraries/STM32F10x_StdPeriph_Driver/src/stm32f10x_adc.o
ADC_RegularChannelConfig                          Libraries/STM32F10x_StdPeriph_Driver/src/stm32f10x_adc.o
ADC_ResetCalibration                              Libraries/STM32F10x_StdPeriph_Driver/src/stm32f10x_adc.o
ADC_SetInjectedOffset                             Libraries/STM32F10x_StdPeriph_Driver/src/stm32f10x_adc.o
ADC_SoftwareStartConvCmd                          Libraries/STM32F10x_StdPeriph_Driver/src/stm32f10x_adc.o
ADC_SoftwareStartInjectedConvCmd                  Libraries/STM32F10x_StdPeriph_Driver/src/stm32f10x_adc.o
ADC_StartCalibration                              Libraries/STM32F10x_StdPeriph_Driver/src/stm32f10x_adc.o
ADC_StructInit                                    Libraries/STM32F10x_StdPeriph_Driver/src/stm32f10x_adc.o
ADC_TempSensorVrefintCmd                          Libraries/STM32F10x_StdPeriph_Driver/src/stm32f10x_adc.o
AHBPrescTable                                     src/system_stm32f10x.o
BKP_ClearFlag                                     Libraries/STM32F10x_StdPeriph_Driver/src/stm32f10x_bkp.o
BKP_ClearITPendingBit                             Libraries/STM32F10x_StdPeriph_Driver/src/stm32f10x_bkp.o
BKP_DeInit                                        Libraries/STM32F10x_StdPeriph_Driver/src/stm32f10x_bkp.o
BKP_GetFlagStatus                                 Libraries/STM32F10x_StdPeriph_Driver/src/stm32f10x_bkp.o
BKP_GetITStatus                                   Libraries/STM32F10x_StdPeriph_Driver/src/stm32f10x_bkp.o
BKP_ITConfig                                      Libraries/STM32F10x_StdPeriph_Driver/src/stm32f10x_bkp.o
BKP_RTCOutputConfig                               Libraries/STM32F10x_StdPeriph_Driver/src/stm32f10x_bkp.o
BKP_ReadBackupRegister                            Libraries/STM32F10x_StdPeriph_Driver/src/stm32f10x_bkp.o
BKP_SetRTCCalibrationValue                        Libraries/STM32F10x_StdPeriph_Driver/src/stm32f10x_bkp.o
BKP_TamperPinCmd                                  Libraries/STM32F10x_StdPeriph_Driver/src/stm32f10x_bkp.o
BKP_TamperPinLevelConfig                          Libraries/STM32F10x_StdPeriph_Driver/src/stm32f10x_bkp.o
BKP_WriteBackupRegister                           Libraries/STM32F10x_StdPeriph_Driver/src/stm32f10x_bkp.o
BusFault_Handler                                  src/stm32f1xx_it.o
                                                  src/startup_stm32f10x_md.o
Button_init                                       Libraries/misc_stm32f103/stm32f103_misc.o
                                                  src/main.o
CAN1_RX1_IRQHandler                               src/startup_stm32f10x_md.o
CAN1_SCE_IRQHandler                               src/startup_stm32f10x_md.o
CAN_CancelTransmit                                Libraries/STM32F10x_StdPeriph_Driver/src/stm32f10x_can.o
CAN_ClearFlag                                     Libraries/STM32F10x_StdPeriph_Driver/src/stm32f10x_can.o
CAN_ClearITPendingBit                             Libraries/STM32F10x_StdPeriph_Driver/src/stm32f10x_can.o
CAN_DBGFreeze                                     Libraries/STM32F10x_StdPeriph_Driver/src/stm32f10x_can.o
CAN_DeInit                                        Libraries/STM32F10x_StdPeriph_Driver/src/stm32f10x_can.o
CAN_FIFORelease                                   Libraries/STM32F10x_StdPeriph_Driver/src/stm32f10x_can.o
CAN_FilterInit                                    Libraries/STM32F10x_StdPeriph_Driver/src/stm32f10x_can.o
CAN_GetFlagStatus                                 Libraries/STM32F10x_StdPeriph_Driver/src/stm32f10x_can.o
CAN_GetITStatus                                   Libraries/STM32F10x_StdPeriph_Driver/src/stm32f10x_can.o
CAN_GetLSBTransmitErrorCounter                    Libraries/STM32F10x_StdPeriph_Driver/src/stm32f10x_can.o
CAN_GetLastErrorCode                              Libraries/STM32F10x_StdPeriph_Driver/src/stm32f10x_can.o
CAN_GetReceiveErrorCounter                        Libraries/STM32F10x_StdPeriph_Driver/src/stm32f10x_can.o
CAN_ITConfig                                      Libraries/STM32F10x_StdPeriph_Driver/src/stm32f10x_can.o
CAN_Init                                          Libraries/STM32F10x_StdPeriph_Driver/src/stm32f10x_can.o
CAN_MessagePending                                Libraries/STM32F10x_StdPeriph_Driver/src/stm32f10x_can.o
CAN_OperatingModeRequest                          Libraries/STM32F10x_StdPeriph_Driver/src/stm32f10x_can.o
CAN_Receive                                       Libraries/STM32F10x_StdPeriph_Driver/src/stm32f10x_can.o
CAN_SlaveStartBank                                Libraries/STM32F10x_StdPeriph_Driver/src/stm32f10x_can.o
CAN_Sleep                                         Libraries/STM32F10x_StdPeriph_Driver/src/stm32f10x_can.o
CAN_StructInit                                    Libraries/STM32F10x_StdPeriph_Driver/src/stm32f10x_can.o
CAN_TTComModeCmd                                  Libraries/STM32F10x_StdPeriph_Driver/src/stm32f10x_can.o
CAN_Transmit                                      Libraries/STM32F10x_StdPeriph_Driver/src/stm32f10x_can.o
CAN_TransmitStatus                                Libraries/STM32F10x_StdPeriph_Driver/src/stm32f10x_can.o
CAN_WakeUp                                        Libraries/STM32F10x_StdPeriph_Driver/src/stm32f10x_can.o
CEC_ClearFlag                                     Libraries/STM32F10x_StdPeriph_Driver/src/stm32f10x_cec.o
CEC_ClearITPendingBit                             Libraries/STM32F10x_StdPeriph_Driver/src/stm32f10x_cec.o
CEC_Cmd                                           Libraries/STM32F10x_StdPeriph_Driver/src/stm32f10x_cec.o
CEC_DeInit                                        Libraries/STM32F10x_StdPeriph_Driver/src/stm32f10x_cec.o
CEC_EndOfMessageCmd                               Libraries/STM32F10x_StdPeriph_Driver/src/stm32f10x_cec.o
CEC_GetFlagStatus                                 Libraries/STM32F10x_StdPeriph_Driver/src/stm32f10x_cec.o
CEC_GetITStatus                                   Libraries/STM32F10x_StdPeriph_Driver/src/stm32f10x_cec.o
CEC_ITConfig                                      Libraries/STM32F10x_StdPeriph_Driver/src/stm32f10x_cec.o
CEC_Init                                          Libraries/STM32F10x_StdPeriph_Driver/src/stm32f10x_cec.o
CEC_OwnAddressConfig                              Libraries/STM32F10x_StdPeriph_Driver/src/stm32f10x_cec.o
CEC_ReceiveDataByte                               Libraries/STM32F10x_StdPeriph_Driver/src/stm32f10x_cec.o
CEC_SendDataByte                                  Libraries/STM32F10x_StdPeriph_Driver/src/stm32f10x_cec.o
CEC_SetPrescaler                                  Libraries/STM32F10x_StdPeriph_Driver/src/stm32f10x_cec.o
CEC_StartOfMessage                                Libraries/STM32F10x_StdPeriph_Driver/src/stm32f10x_cec.o
CRC_CalcBlockCRC                                  Libraries/STM32F10x_StdPeriph_Driver/src/stm32f10x_crc.o
CRC_CalcCRC                                       Libraries/STM32F10x_StdPeriph_Driver/src/stm32f10x_crc.o
CRC_GetCRC                                        Libraries/STM32F10x_StdPeriph_Driver/src/stm32f10x_crc.o
CRC_GetIDRegister                                 Libraries/STM32F10x_StdPeriph_Driver/src/stm32f10x_crc.o
CRC_ResetDR                                       Libraries/STM32F10x_StdPeriph_Driver/src/stm32f10x_crc.o
CRC_SetIDRegister                                 Libraries/STM32F10x_StdPeriph_Driver/src/stm32f10x_crc.o
DAC_Cmd                                           Libraries/STM32F10x_StdPeriph_Driver/src/stm32f10x_dac.o
DAC_DMACmd                                        Libraries/STM32F10x_StdPeriph_Driver/src/stm32f10x_dac.o
DAC_DeInit                                        Libraries/STM32F10x_StdPeriph_Driver/src/stm32f10x_dac.o
DAC_DualSoftwareTriggerCmd                        Libraries/STM32F10x_StdPeriph_Driver/src/stm32f10x_dac.o
DAC_GetDataOutputValue                            Libraries/STM32F10x_StdPeriph_Driver/src/stm32f10x_dac.o
DAC_Init                                          Libraries/STM32F10x_StdPeriph_Driver/src/stm32f10x_dac.o
DAC_SetChannel1Data                               Libraries/STM32F10x_StdPeriph_Driver/src/stm32f10x_dac.o
DAC_SetChannel2Data                               Libraries/STM32F10x_StdPeriph_Driver/src/stm32f10x_dac.o
DAC_SetDualChannelData                            Libraries/STM32F10x_StdPeriph_Driver/src/stm32f10x_dac.o
DAC_SoftwareTriggerCmd                            Libraries/STM32F10x_StdPeriph_Driver/src/stm32f10x_dac.o
DAC_StructInit                                    Libraries/STM32F10x_StdPeriph_Driver/src/stm32f10x_dac.o
DAC_WaveGenerationCmd                             Libraries/STM32F10x_StdPeriph_Driver/src/stm32f10x_dac.o
DBGMCU_Config                                     Libraries/STM32F10x_StdPeriph_Driver/src/stm32f10x_dbgmcu.o
DBGMCU_GetDEVID                                   Libraries/STM32F10x_StdPeriph_Driver/src/stm32f10x_dbgmcu.o
DBGMCU_GetREVID                                   Libraries/STM32F10x_StdPeriph_Driver/src/stm32f10x_dbgmcu.o
DMA1_Channel1_IRQHandler                          src/startup_stm32f10x_md.o
DMA1_Channel2_IRQHandler                          src/startup_stm32f10x_md.o
DMA1_Channel3_IRQHandler                          src/startup_stm32f10x_md.o
DMA1_Channel4_IRQHandler                          src/startup_stm32f10x_md.o
DMA1_Channel5_IRQHandler                          src/startup_stm32f10x_md.o
DMA1_Channel6_IRQHandler                          src/startup_stm32f10x_md.o
DMA1_Channel7_IRQHandler                          src/startup_stm32f10x_md.o
DMA_ClearFlag                                     Libraries/STM32F10x_StdPeriph_Driver/src/stm32f10x_dma.o
DMA_ClearITPendingBit                             Libraries/STM32F10x_StdPeriph_Driver/src/stm32f10x_dma.o
DMA_Cmd                                           Libraries/STM32F10x_StdPeriph_Driver/src/stm32f10x_dma.o
DMA_DeInit                                        Libraries/STM32F10x_StdPeriph_Driver/src/stm32f10x_dma.o
DMA_GetCurrDataCounter                            Libraries/STM32F10x_StdPeriph_Driver/src/stm32f10x_dma.o
DMA_GetFlagStatus                                 Libraries/STM32F10x_StdPeriph_Driver/src/stm32f10x_dma.o
DMA_GetITStatus                                   Libraries/STM32F10x_StdPeriph_Driver/src/stm32f10x_dma.o
DMA_ITConfig                                      Libraries/STM32F10x_StdPeriph_Driver/src/stm32f10x_dma.o
DMA_Init                                          Libraries/STM32F10x_StdPeriph_Driver/src/stm32f10x_dma.o
DMA_SetCurrDataCounter                            Libraries/STM32F10x_StdPeriph_Driver/src/stm32f10x_dma.o
DMA_StructInit                                    Libraries/STM32F10x_StdPeriph_Driver/src/stm32f10x_dma.o
DebugMon_Handler                                  src/stm32f1xx_it.o
                                                  src/startup_stm32f10x_md.o
Default_Handler                                   src/startup_stm32f10x_md.o
Delay_ms                                          Libraries/misc_stm32f103/stm32f103_misc.o
                                                  src/main.o
                                                  Libraries/INA219/stm32f10x_ina219.o
EXTI0_IRQHandler                                  src/startup_stm32f10x_md.o
EXTI15_10_IRQHandler                              src/startup_stm32f10x_md.o
EXTI1_IRQHandler                                  src/startup_stm32f10x_md.o
EXTI2_IRQHandler                                  src/startup_stm32f10x_md.o
EXTI3_IRQHandler                                  src/startup_stm32f10x_md.o
EXTI4_IRQHandler                                  src/startup_stm32f10x_md.o
EXTI9_5_IRQHandler                                src/startup_stm32f10x_md.o
EXTI_ClearFlag                                    Libraries/STM32F10x_StdPeriph_Driver/src/stm32f10x_exti.o
EXTI_ClearITPendingBit                            Libraries/STM32F10x_StdPeriph_Driver/src/stm32f10x_exti.o
EXTI_DeInit                                       Libraries/STM32F10x_StdPeriph_Driver/src/stm32f10x_exti.o
EXTI_GenerateSWInterrupt                          Libraries/STM32F10x_StdPeriph_Driver/src/stm32f10x_exti.o
EXTI_GetFlagStatus                                Libraries/STM32F10x_StdPeriph_Driver/src/stm32f10x_exti.o
EXTI_GetITStatus                                  Libraries/STM32F10x_StdPeriph_Driver/src/stm32f10x_exti.o
EXTI_Init                                         Libraries/STM32F10x_StdPeriph_Driver/src/stm32f10x_exti.o
EXTI_StructInit                                   Libraries/STM32F10x_StdPeriph_Driver/src/stm32f10x_exti.o
FLASH_ClearFlag                                   Libraries/STM32F10x_StdPeriph_Driver/src/stm32f10x_flash.o
FLASH_EnableWriteProtection                       Libraries/STM32F10x_StdPeriph_Driver/src/stm32f10x_flash.o
FLASH_EraseAllBank1Pages                          Libraries/STM32F10x_StdPeriph_Driver/src/stm32f10x_flash.o
FLASH_EraseAllPages                               Libraries/STM32F10x_StdPeriph_Driver/src/stm32f10x_flash.o
FLASH_EraseOptionBytes                            Libraries/STM32F10x_StdPeriph_Driver/src/stm32f10x_flash.o
FLASH_ErasePage                                   Libraries/STM32F10x_StdPeriph_Driver/src/stm32f10x_flash.o
FLASH_GetBank1Status                              Libraries/STM32F10x_StdPeriph_Driver/src/stm32f10x_flash.o
FLASH_GetFlagStatus                               Libraries/STM32F10x_StdPeriph_Driver/src/stm32f10x_flash.o
FLASH_GetPrefetchBufferStatus                     Libraries/STM32F10x_StdPeriph_Driver/src/stm32f10x_flash.o
FLASH_GetReadOutProtectionStatus                  Libraries/STM32F10x_StdPeriph_Driver/src/stm32f10x_flash.o
FLASH_GetStatus                                   Libraries/STM32F10x_StdPeriph_Driver/src/stm32f10x_flash.o
FLASH_GetUserOptionByte                           Libraries/STM32F10x_StdPeriph_Driver/src/stm32f10x_flash.o
FLASH_GetWriteProtectionOptionByte                Libraries/STM32F10x_StdPeriph_Driver/src/stm32f10x_flash.o
FLASH_HalfCycleAccessCmd                          Libraries/STM32F10x_StdPeriph_Driver/src/stm32f10x_flash.o
FLASH_IRQHandler                                  src/startup_stm32f10x_md.o
FLASH_ITConfig                                    Libraries/STM32F10x_StdPeriph_Driver/src/stm32f10x_flash.o
FLASH_Lock                                        Libraries/STM32F10x_StdPeriph_Driver/src/stm32f10x_flash.o
FLASH_LockBank1                                   Libraries/STM32F10x_StdPeriph_Driver/src/stm32f10x_flash.o
FLASH_PrefetchBufferCmd                           Libraries/STM32F10x_StdPeriph_Driver/src/stm32f10x_flash.o
FLASH_ProgramHalfWord                             Libraries/STM32F10x_StdPeriph_Driver/src/stm32f10x_flash.o
FLASH_ProgramOptionByteData                       Libraries/STM32F10x_StdPeriph_Driver/src/stm32f10x_flash.o
FLASH_ProgramWord                                 Libraries/STM32F10x_StdPeriph_Driver/src/stm32f10x_flash.o
FLASH_ReadOutProtection                           Libraries/STM32F10x_StdPeriph_Driver/src/stm32f10x_flash.o
FLASH_SetLatency                                  Libraries/STM32F10x_StdPeriph_Driver/src/stm32f10x_flash.o
FLASH_Unlock                                      Libraries/STM32F10x_StdPeriph_Driver/src/stm32f10x_flash.o
FLASH_UnlockBank1                                 Libraries/STM32F10x_StdPeriph_Driver/src/stm32f10x_flash.o
FLASH_UserOptionByteConfig                        Libraries/STM32F10x_StdPeriph_Driver/src/stm32f10x_flash.o
FLASH_WaitForLastBank1Operation                   Libraries/STM32F10x_StdPeriph_Driver/src/stm32f10x_flash.o
FLASH_WaitForLastOperation                        Libraries/STM32F10x_StdPeriph_Driver/src/stm32f10x_flash.o
FSMC_ClearFlag                                    Libraries/STM32F10x_StdPeriph_Driver/src/stm32f10x_fsmc.o
FSMC_ClearITPendingBit                            Libraries/STM32F10x_StdPeriph_Driver/src/stm32f10x_fsmc.o
FSMC_GetECC                                       Libraries/STM32F10x_StdPeriph_Driver/src/stm32f10x_fsmc.o
FSMC_GetFlagStatus                                Libraries/STM32F10x_StdPeriph_Driver/src/stm32f10x_fsmc.o
FSMC_GetITStatus                                  Libraries/STM32F10x_StdPeriph_Driver/src/stm32f10x_fsmc.o
FSMC_ITConfig                                     Libraries/STM32F10x_StdPeriph_Driver/src/stm32f10x_fsmc.o
FSMC_NANDCmd                                      Libraries/STM32F10x_StdPeriph_Driver/src/stm32f10x_fsmc.o
FSMC_NANDDeInit                                   Libraries/STM32F10x_StdPeriph_Driver/src/stm32f10x_fsmc.o
FSMC_NANDECCCmd                                   Libraries/STM32F10x_StdPeriph_Driver/src/stm32f10x_fsmc.o
FSMC_NANDInit                                     Libraries/STM32F10x_StdPeriph_Driver/src/stm32f10x_fsmc.o
FSMC_NANDStructInit                               Libraries/STM32F10x_StdPeriph_Driver/src/stm32f10x_fsmc.o
FSMC_NORSRAMCmd                                   Libraries/STM32F10x_StdPeriph_Driver/src/stm32f10x_fsmc.o
FSMC_NORSRAMDeInit                                Libraries/STM32F10x_StdPeriph_Driver/src/stm32f10x_fsmc.o
FSMC_NORSRAMInit                                  Libraries/STM32F10x_StdPeriph_Driver/src/stm32f10x_fsmc.o
FSMC_NORSRAMStructInit                            Libraries/STM32F10x_StdPeriph_Driver/src/stm32f10x_fsmc.o
FSMC_PCCARDCmd                                    Libraries/STM32F10x_StdPeriph_Driver/src/stm32f10x_fsmc.o
FSMC_PCCARDDeInit                                 Libraries/STM32F10x_StdPeriph_Driver/src/stm32f10x_fsmc.o
FSMC_PCCARDInit                                   Libraries/STM32F10x_StdPeriph_Driver/src/stm32f10x_fsmc.o
FSMC_PCCARDStructInit                             Libraries/STM32F10x_StdPeriph_Driver/src/stm32f10x_fsmc.o
GPIO_AFIODeInit                                   Libraries/STM32F10x_StdPeriph_Driver/src/stm32f10x_gpio.o
GPIO_DeInit                                       Libraries/STM32F10x_StdPeriph_Driver/src/stm32f10x_gpio.o
GPIO_ETH_MediaInterfaceConfig                     Libraries/STM32F10x_StdPeriph_Driver/src/stm32f10x_gpio.o
GPIO_EXTILineConfig                               Libraries/STM32F10x_StdPeriph_Driver/src/stm32f10x_gpio.o
GPIO_EventOutputCmd                               Libraries/STM32F10x_StdPeriph_Driver/src/stm32f10x_gpio.o
GPIO_EventOutputConfig                            Libraries/STM32F10x_StdPeriph_Driver/src/stm32f10x_gpio.o
GPIO_Init                                         Libraries/STM32F10x_StdPeriph_Driver/src/stm32f10x_gpio.o
                                                  Libraries/misc_stm32f103/stm32f103_misc.o
                                                  Libraries/UART/uart.o
                                                  Libraries/INA219/stm32f10x_ina219.o
GPIO_PinLockConfig                                Libraries/STM32F10x_StdPeriph_Driver/src/stm32f10x_gpio.o
GPIO_PinRemapConfig                               Libraries/STM32F10x_StdPeriph_Driver/src/stm32f10x_gpio.o
GPIO_ReadInputData                                Libraries/STM32F10x_StdPeriph_Driver/src/stm32f10x_gpio.o
GPIO_ReadInputDataBit                             Libraries/STM32F10x_StdPeriph_Driver/src/stm32f10x_gpio.o
                                                  src/main.o
GPIO_ReadOutputData                               Libraries/STM32F10x_StdPeriph_Driver/src/stm32f10x_gpio.o
GPIO_ReadOutputDataBit                            Libraries/STM32F10x_StdPeriph_Driver/src/stm32f10x_gpio.o
GPIO_ResetBits                                    Libraries/STM32F10x_StdPeriph_Driver/src/stm32f10x_gpio.o
                                                  Libraries/misc_stm32f103/stm32f103_misc.o
GPIO_SetBits                                      Libraries/STM32F10x_StdPeriph_Driver/src/stm32f10x_gpio.o
                                                  Libraries/misc_stm32f103/stm32f103_misc.o
GPIO_StructInit                                   Libraries/STM32F10x_StdPeriph_Driver/src/stm32f10x_gpio.o
GPIO_Write                                        Libraries/STM32F10x_StdPeriph_Driver/src/stm32f10x_gpio.o
GPIO_WriteBit                                     Libraries/STM32F10x_StdPeriph_Driver/src/stm32f10x_gpio.o
Get_PWM                                           Libraries/misc_stm32f103/stm32f103_misc.o
                                                  src/main.o
HardFault_Handler                                 src/stm32f1xx_it.o
                                                  src/startup_stm32f10x_md.o
I2C1_ER_IRQHandler                                src/startup_stm32f10x_md.o
I2C1_EV_IRQHandler                                src/startup_stm32f10x_md.o
I2C2_ER_IRQHandler                                src/startup_stm32f10x_md.o
I2C2_EV_IRQHandler                                src/startup_stm32f10x_md.o
I2C_ARPCmd                                        Libraries/STM32F10x_StdPeriph_Driver/src/stm32f10x_i2c.o
I2C_AcknowledgeConfig                             Libraries/STM32F10x_StdPeriph_Driver/src/stm32f10x_i2c.o
                                                  Libraries/INA219/stm32f10x_ina219.o
I2C_CalculatePEC                                  Libraries/STM32F10x_StdPeriph_Driver/src/stm32f10x_i2c.o
I2C_CheckEvent                                    Libraries/STM32F10x_StdPeriph_Driver/src/stm32f10x_i2c.o
                                                  Libraries/INA219/stm32f10x_ina219.o
I2C_ClearFlag                                     Libraries/STM32F10x_StdPeriph_Driver/src/stm32f10x_i2c.o
I2C_ClearITPendingBit                             Libraries/STM32F10x_StdPeriph_Driver/src/stm32f10x_i2c.o
I2C_Cmd                                           Libraries/STM32F10x_StdPeriph_Driver/src/stm32f10x_i2c.o
                                                  Libraries/INA219/stm32f10x_ina219.o
I2C_DMACmd                                        Libraries/STM32F10x_StdPeriph_Driver/src/stm32f10x_i2c.o
I2C_DMALastTransferCmd                            Libraries/STM32F10x_StdPeriph_Driver/src/stm32f10x_i2c.o
I2C_DeInit                                        Libraries/STM32F10x_StdPeriph_Driver/src/stm32f10x_i2c.o
I2C_DualAddressCmd                                Libraries/STM32F10x_StdPeriph_Driver/src/stm32f10x_i2c.o
I2C_FastModeDutyCycleConfig                       Libraries/STM32F10x_StdPeriph_Driver/src/stm32f10x_i2c.o
I2C_GeneralCallCmd                                Libraries/STM32F10x_StdPeriph_Driver/src/stm32f10x_i2c.o
I2C_GenerateSTART                                 Libraries/STM32F10x_StdPeriph_Driver/src/stm32f10x_i2c.o
                                                  Libraries/INA219/stm32f10x_ina219.o
I2C_GenerateSTOP                                  Libraries/STM32F10x_StdPeriph_Driver/src/stm32f10x_i2c.o
                                                  Libraries/INA219/stm32f10x_ina219.o
I2C_GetFlagStatus                                 Libraries/STM32F10x_StdPeriph_Driver/src/stm32f10x_i2c.o
                                                  Libraries/INA219/stm32f10x_ina219.o
I2C_GetITStatus                                   Libraries/STM32F10x_StdPeriph_Driver/src/stm32f10x_i2c.o
I2C_GetLastEvent                                  Libraries/STM32F10x_StdPeriph_Driver/src/stm32f10x_i2c.o
I2C_GetPEC                                        Libraries/STM32F10x_StdPeriph_Driver/src/stm32f10x_i2c.o
I2C_ITConfig                                      Libraries/STM32F10x_StdPeriph_Driver/src/stm32f10x_i2c.o
I2C_Init                                          Libraries/STM32F10x_StdPeriph_Driver/src/stm32f10x_i2c.o
                                                  Libraries/INA219/stm32f10x_ina219.o
I2C_NACKPositionConfig                            Libraries/STM32F10x_StdPeriph_Driver/src/stm32f10x_i2c.o
I2C_OwnAddress2Config                             Libraries/STM32F10x_StdPeriph_Driver/src/stm32f10x_i2c.o
I2C_PECPositionConfig                             Libraries/STM32F10x_StdPeriph_Driver/src/stm32f10x_i2c.o
I2C_ReadRegister                                  Libraries/STM32F10x_StdPeriph_Driver/src/stm32f10x_i2c.o
I2C_ReceiveData                                   Libraries/STM32F10x_StdPeriph_Driver/src/stm32f10x_i2c.o
                                                  Libraries/INA219/stm32f10x_ina219.o
I2C_SMBusAlertConfig                              Libraries/STM32F10x_StdPeriph_Driver/src/stm32f10x_i2c.o
I2C_Send7bitAddress                               Libraries/STM32F10x_StdPeriph_Driver/src/stm32f10x_i2c.o
                                                  Libraries/INA219/stm32f10x_ina219.o
I2C_SendData                                      Libraries/STM32F10x_StdPeriph_Driver/src/stm32f10x_i2c.o
                                                  Libraries/INA219/stm32f10x_ina219.o
I2C_SoftwareResetCmd                              Libraries/STM32F10x_StdPeriph_Driver/src/stm32f10x_i2c.o
I2C_StretchClockCmd                               Libraries/STM32F10x_StdPeriph_Driver/src/stm32f10x_i2c.o
I2C_StructInit                                    Libraries/STM32F10x_StdPeriph_Driver/src/stm32f10x_i2c.o
I2C_TransmitPEC                                   Libraries/STM32F10x_StdPeriph_Driver/src/stm32f10x_i2c.o
I2S_Cmd                                           Libraries/STM32F10x_StdPeriph_Driver/src/stm32f10x_spi.o
I2S_Init                                          Libraries/STM32F10x_StdPeriph_Driver/src/stm32f10x_spi.o
I2S_StructInit                                    Libraries/STM32F10x_StdPeriph_Driver/src/stm32f10x_spi.o
IWDG_Enable                                       Libraries/STM32F10x_StdPeriph_Driver/src/stm32f10x_iwdg.o
IWDG_GetFlagStatus                                Libraries/STM32F10x_StdPeriph_Driver/src/stm32f10x_iwdg.o
IWDG_ReloadCounter                                Libraries/STM32F10x_StdPeriph_Driver/src/stm32f10x_iwdg.o
IWDG_SetPrescaler                                 Libraries/STM32F10x_StdPeriph_Driver/src/stm32f10x_iwdg.o
IWDG_SetReload                                    Libraries/STM32F10x_StdPeriph_Driver/src/stm32f10x_iwdg.o
IWDG_WriteAccessCmd                               Libraries/STM32F10x_StdPeriph_Driver/src/stm32f10x_iwdg.o
MemManage_Handler                                 src/stm32f1xx_it.o
                                                  src/startup_stm32f10x_md.o
NMI_Handler                                       src/stm32f1xx_it.o
                                                  src/startup_stm32f10x_md.o
NVIC_Init                                         Libraries/STM32F10x_StdPeriph_Driver/src/misc.o
NVIC_PriorityGroupConfig                          Libraries/STM32F10x_StdPeriph_Driver/src/misc.o
NVIC_SetVectorTable                               Libraries/STM32F10x_StdPeriph_Driver/src/misc.o
NVIC_SystemLPConfig                               Libraries/STM32F10x_StdPeriph_Driver/src/misc.o
Output_setup                                      Libraries/misc_stm32f103/stm32f103_misc.o
                                                  src/main.o
PVD_IRQHandler                                    src/startup_stm32f10x_md.o
PWM_period                                        Libraries/misc_stm32f103/stm32f103_misc.o
                                                  src/main.o
PWR_BackupAccessCmd                               Libraries/STM32F10x_StdPeriph_Driver/src/stm32f10x_pwr.o
PWR_ClearFlag                                     Libraries/STM32F10x_StdPeriph_Driver/src/stm32f10x_pwr.o
PWR_DeInit                                        Libraries/STM32F10x_StdPeriph_Driver/src/stm32f10x_pwr.o
PWR_EnterSTANDBYMode                              Libraries/STM32F10x_StdPeriph_Driver/src/stm32f10x_pwr.o
PWR_EnterSTOPMode                                 Libraries/STM32F10x_StdPeriph_Driver/src/stm32f10x_pwr.o
PWR_GetFlagStatus                                 Libraries/STM32F10x_StdPeriph_Driver/src/stm32f10x_pwr.o
PWR_PVDCmd                                        Libraries/STM32F10x_StdPeriph_Driver/src/stm32f10x_pwr.o
PWR_PVDLevelConfig                                Libraries/STM32F10x_StdPeriph_Driver/src/stm32f10x_pwr.o
PWR_WakeUpPinCmd                                  Libraries/STM32F10x_StdPeriph_Driver/src/stm32f10x_pwr.o
PendSV_Handler                                    src/stm32f1xx_it.o
                                                  src/startup_stm32f10x_md.o
RCC_ADCCLKConfig                                  Libraries/STM32F10x_StdPeriph_Driver/src/stm32f10x_rcc.o
RCC_AHBPeriphClockCmd                             Libraries/STM32F10x_StdPeriph_Driver/src/stm32f10x_rcc.o
RCC_APB1PeriphClockCmd                            Libraries/STM32F10x_StdPeriph_Driver/src/stm32f10x_rcc.o
                                                  Libraries/misc_stm32f103/stm32f103_misc.o
                                                  Libraries/INA219/stm32f10x_ina219.o
RCC_APB1PeriphResetCmd                            Libraries/STM32F10x_StdPeriph_Driver/src/stm32f10x_rcc.o
                                                  Libraries/STM32F10x_StdPeriph_Driver/src/stm32f10x_wwdg.o
                                                  Libraries/STM32F10x_StdPeriph_Driver/src/stm32f10x_usart.o
                                                  Libraries/STM32F10x_StdPeriph_Driver/src/stm32f10x_tim.o
                                                  Libraries/STM32F10x_StdPeriph_Driver/src/stm32f10x_spi.o
                                                  Libraries/STM32F10x_StdPeriph_Driver/src/stm32f10x_pwr.o
                                                  Libraries/STM32F10x_StdPeriph_Driver/src/stm32f10x_i2c.o
                                                  Libraries/STM32F10x_StdPeriph_Driver/src/stm32f10x_dac.o
                                                  Libraries/STM32F10x_StdPeriph_Driver/src/stm32f10x_cec.o
                                                  Libraries/STM32F10x_StdPeriph_Driver/src/stm32f10x_can.o
RCC_APB2PeriphClockCmd                            Libraries/STM32F10x_StdPeriph_Driver/src/stm32f10x_rcc.o
                                                  Libraries/misc_stm32f103/stm32f103_misc.o
                                                  Libraries/UART/uart.o
                                                  Libraries/INA219/stm32f10x_ina219.o
RCC_APB2PeriphResetCmd                            Libraries/STM32F10x_StdPeriph_Driver/src/stm32f10x_rcc.o
                                                  Libraries/STM32F10x_StdPeriph_Driver/src/stm32f10x_usart.o
                                                  Libraries/STM32F10x_StdPeriph_Driver/src/stm32f10x_tim.o
                                                  Libraries/STM32F10x_StdPeriph_Driver/src/stm32f10x_spi.o
                                                  Libraries/STM32F10x_StdPeriph_Driver/src/stm32f10x_gpio.o
                                                  Libraries/STM32F10x_StdPeriph_Driver/src/stm32f10x_adc.o
RCC_AdjustHSICalibrationValue                     Libraries/STM32F10x_StdPeriph_Driver/src/stm32f10x_rcc.o
RCC_BackupResetCmd                                Libraries/STM32F10x_StdPeriph_Driver/src/stm32f10x_rcc.o
                                                  Libraries/STM32F10x_StdPeriph_Driver/src/stm32f10x_bkp.o
RCC_ClearFlag                                     Libraries/STM32F10x_StdPeriph_Driver/src/stm32f10x_rcc.o
RCC_ClearITPendingBit                             Libraries/STM32F10x_StdPeriph_Driver/src/stm32f10x_rcc.o
RCC_ClockSecuritySystemCmd                        Libraries/STM32F10x_StdPeriph_Driver/src/stm32f10x_rcc.o
RCC_DeInit                                        Libraries/STM32F10x_StdPeriph_Driver/src/stm32f10x_rcc.o
RCC_GetClocksFreq                                 Libraries/STM32F10x_StdPeriph_Driver/src/stm32f10x_rcc.o
                                                  Libraries/STM32F10x_StdPeriph_Driver/src/stm32f10x_usart.o
                                                  Libraries/STM32F10x_StdPeriph_Driver/src/stm32f10x_spi.o
                                                  Libraries/STM32F10x_StdPeriph_Driver/src/stm32f10x_i2c.o
RCC_GetFlagStatus                                 Libraries/STM32F10x_StdPeriph_Driver/src/stm32f10x_rcc.o
RCC_GetITStatus                                   Libraries/STM32F10x_StdPeriph_Driver/src/stm32f10x_rcc.o
RCC_GetSYSCLKSource                               Libraries/STM32F10x_StdPeriph_Driver/src/stm32f10x_rcc.o
RCC_HCLKConfig                                    Libraries/STM32F10x_StdPeriph_Driver/src/stm32f10x_rcc.o
RCC_HSEConfig                                     Libraries/STM32F10x_StdPeriph_Driver/src/stm32f10x_rcc.o
RCC_HSICmd                                        Libraries/STM32F10x_StdPeriph_Driver/src/stm32f10x_rcc.o
RCC_IRQHandler                                    src/startup_stm32f10x_md.o
RCC_ITConfig                                      Libraries/STM32F10x_StdPeriph_Driver/src/stm32f10x_rcc.o
RCC_LSEConfig                                     Libraries/STM32F10x_StdPeriph_Driver/src/stm32f10x_rcc.o
RCC_LSICmd                                        Libraries/STM32F10x_StdPeriph_Driver/src/stm32f10x_rcc.o
RCC_MCOConfig                                     Libraries/STM32F10x_StdPeriph_Driver/src/stm32f10x_rcc.o
RCC_PCLK1Config                                   Libraries/STM32F10x_StdPeriph_Driver/src/stm32f10x_rcc.o
RCC_PCLK2Config                                   Libraries/STM32F10x_StdPeriph_Driver/src/stm32f10x_rcc.o
RCC_PLLCmd                                        Libraries/STM32F10x_StdPeriph_Driver/src/stm32f10x_rcc.o
RCC_PLLConfig                                     Libraries/STM32F10x_StdPeriph_Driver/src/stm32f10x_rcc.o
RCC_RTCCLKCmd                                     Libraries/STM32F10x_StdPeriph_Driver/src/stm32f10x_rcc.o
RCC_RTCCLKConfig                                  Libraries/STM32F10x_StdPeriph_Driver/src/stm32f10x_rcc.o
RCC_SYSCLKConfig                                  Libraries/STM32F10x_StdPeriph_Driver/src/stm32f10x_rcc.o
RCC_USBCLKConfig                                  Libraries/STM32F10x_StdPeriph_Driver/src/stm32f10x_rcc.o
RCC_WaitForHSEStartUp                             Libraries/STM32F10x_StdPeriph_Driver/src/stm32f10x_rcc.o
RTCAlarm_IRQHandler                               src/startup_stm32f10x_md.o
RTC_ClearFlag                                     Libraries/STM32F10x_StdPeriph_Driver/src/stm32f10x_rtc.o
RTC_ClearITPendingBit                             Libraries/STM32F10x_StdPeriph_Driver/src/stm32f10x_rtc.o
RTC_EnterConfigMode                               Libraries/STM32F10x_StdPeriph_Driver/src/stm32f10x_rtc.o
RTC_ExitConfigMode                                Libraries/STM32F10x_StdPeriph_Driver/src/stm32f10x_rtc.o
RTC_GetCounter                                    Libraries/STM32F10x_StdPeriph_Driver/src/stm32f10x_rtc.o
RTC_GetDivider                                    Libraries/STM32F10x_StdPeriph_Driver/src/stm32f10x_rtc.o
RTC_GetFlagStatus                                 Libraries/STM32F10x_StdPeriph_Driver/src/stm32f10x_rtc.o
RTC_GetITStatus                                   Libraries/STM32F10x_StdPeriph_Driver/src/stm32f10x_rtc.o
RTC_IRQHandler                                    src/startup_stm32f10x_md.o
RTC_ITConfig                                      Libraries/STM32F10x_StdPeriph_Driver/src/stm32f10x_rtc.o
RTC_SetAlarm                                      Libraries/STM32F10x_StdPeriph_Driver/src/stm32f10x_rtc.o
RTC_SetCounter                                    Libraries/STM32F10x_StdPeriph_Driver/src/stm32f10x_rtc.o
RTC_SetPrescaler                                  Libraries/STM32F10x_StdPeriph_Driver/src/stm32f10x_rtc.o
RTC_WaitForLastTask                               Libraries/STM32F10x_StdPeriph_Driver/src/stm32f10x_rtc.o
RTC_WaitForSynchro                                Libraries/STM32F10x_StdPeriph_Driver/src/stm32f10x_rtc.o
Reset_Handler                                     src/startup_stm32f10x_md.o
SDIO_CEATAITCmd                                   Libraries/STM32F10x_StdPeriph_Driver/src/stm32f10x_sdio.o
SDIO_ClearFlag                                    Libraries/STM32F10x_StdPeriph_Driver/src/stm32f10x_sdio.o
SDIO_ClearITPendingBit                            Libraries/STM32F10x_StdPeriph_Driver/src/stm32f10x_sdio.o
SDIO_ClockCmd                                     Libraries/STM32F10x_StdPeriph_Driver/src/stm32f10x_sdio.o
SDIO_CmdStructInit                                Libraries/STM32F10x_StdPeriph_Driver/src/stm32f10x_sdio.o
SDIO_CommandCompletionCmd                         Libraries/STM32F10x_StdPeriph_Driver/src/stm32f10x_sdio.o
SDIO_DMACmd                                       Libraries/STM32F10x_StdPeriph_Driver/src/stm32f10x_sdio.o
SDIO_DataConfig                                   Libraries/STM32F10x_StdPeriph_Driver/src/stm32f10x_sdio.o
SDIO_DataStructInit                               Libraries/STM32F10x_StdPeriph_Driver/src/stm32f10x_sdio.o
SDIO_DeInit                                       Libraries/STM32F10x_StdPeriph_Driver/src/stm32f10x_sdio.o
SDIO_GetCommandResponse                           Libraries/STM32F10x_StdPeriph_Driver/src/stm32f10x_sdio.o
SDIO_GetDataCounter                               Libraries/STM32F10x_StdPeriph_Driver/src/stm32f10x_sdio.o
SDIO_GetFIFOCount                                 Libraries/STM32F10x_StdPeriph_Driver/src/stm32f10x_sdio.o
SDIO_GetFlagStatus                                Libraries/STM32F10x_StdPeriph_Driver/src/stm32f10x_sdio.o
SDIO_GetITStatus                                  Libraries/STM32F10x_StdPeriph_Driver/src/stm32f10x_sdio.o
SDIO_GetPowerState                                Libraries/STM32F10x_StdPeriph_Driver/src/stm32f10x_sdio.o
SDIO_GetResponse                                  Libraries/STM32F10x_StdPeriph_Driver/src/stm32f10x_sdio.o
SDIO_ITConfig                                     Libraries/STM32F10x_StdPeriph_Driver/src/stm32f10x_sdio.o
SDIO_Init                                         Libraries/STM32F10x_StdPeriph_Driver/src/stm32f10x_sdio.o
SDIO_ReadData                                     Libraries/STM32F10x_StdPeriph_Driver/src/stm32f10x_sdio.o
SDIO_SendCEATACmd                                 Libraries/STM32F10x_StdPeriph_Driver/src/stm32f10x_sdio.o
SDIO_SendCommand                                  Libraries/STM32F10x_StdPeriph_Driver/src/stm32f10x_sdio.o
SDIO_SendSDIOSuspendCmd                           Libraries/STM32F10x_StdPeriph_Driver/src/stm32f10x_sdio.o
SDIO_SetPowerState                                Libraries/STM32F10x_StdPeriph_Driver/src/stm32f10x_sdio.o
SDIO_SetSDIOOperation                             Libraries/STM32F10x_StdPeriph_Driver/src/stm32f10x_sdio.o
SDIO_SetSDIOReadWaitMode                          Libraries/STM32F10x_StdPeriph_Driver/src/stm32f10x_sdio.o
SDIO_StartSDIOReadWait                            Libraries/STM32F10x_StdPeriph_Driver/src/stm32f10x_sdio.o
SDIO_StopSDIOReadWait                             Libraries/STM32F10x_StdPeriph_Driver/src/stm32f10x_sdio.o
SDIO_StructInit                                   Libraries/STM32F10x_StdPeriph_Driver/src/stm32f10x_sdio.o
SDIO_WriteData                                    Libraries/STM32F10x_StdPeriph_Driver/src/stm32f10x_sdio.o
SPI1_IRQHandler                                   src/startup_stm32f10x_md.o
SPI2_IRQHandler                                   src/startup_stm32f10x_md.o
SPI_BiDirectionalLineConfig                       Libraries/STM32F10x_StdPeriph_Driver/src/stm32f10x_spi.o
SPI_CalculateCRC                                  Libraries/STM32F10x_StdPeriph_Driver/src/stm32f10x_spi.o
SPI_Cmd                                           Libraries/STM32F10x_StdPeriph_Driver/src/stm32f10x_spi.o
SPI_DataSizeConfig                                Libraries/STM32F10x_StdPeriph_Driver/src/stm32f10x_spi.o
SPI_GetCRC                                        Libraries/STM32F10x_StdPeriph_Driver/src/stm32f10x_spi.o
SPI_GetCRCPolynomial                              Libraries/STM32F10x_StdPeriph_Driver/src/stm32f10x_spi.o
SPI_I2S_ClearFlag                                 Libraries/STM32F10x_StdPeriph_Driver/src/stm32f10x_spi.o
SPI_I2S_ClearITPendingBit                         Libraries/STM32F10x_StdPeriph_Driver/src/stm32f10x_spi.o
SPI_I2S_DMACmd                                    Libraries/STM32F10x_StdPeriph_Driver/src/stm32f10x_spi.o
SPI_I2S_DeInit                                    Libraries/STM32F10x_StdPeriph_Driver/src/stm32f10x_spi.o
SPI_I2S_GetFlagStatus                             Libraries/STM32F10x_StdPeriph_Driver/src/stm32f10x_spi.o
SPI_I2S_GetITStatus                               Libraries/STM32F10x_StdPeriph_Driver/src/stm32f10x_spi.o
SPI_I2S_ITConfig                                  Libraries/STM32F10x_StdPeriph_Driver/src/stm32f10x_spi.o
SPI_I2S_ReceiveData                               Libraries/STM32F10x_StdPeriph_Driver/src/stm32f10x_spi.o
SPI_I2S_SendData                                  Libraries/STM32F10x_StdPeriph_Driver/src/stm32f10x_spi.o
SPI_Init                                          Libraries/STM32F10x_StdPeriph_Driver/src/stm32f10x_spi.o
SPI_NSSInternalSoftwareConfig                     Libraries/STM32F10x_StdPeriph_Driver/src/stm32f10x_spi.o
SPI_SSOutputCmd                                   Libraries/STM32F10x_StdPeriph_Driver/src/stm32f10x_spi.o
SPI_StructInit                                    Libraries/STM32F10x_StdPeriph_Driver/src/stm32f10x_spi.o
SPI_TransmitCRC                                   Libraries/STM32F10x_StdPeriph_Driver/src/stm32f10x_spi.o
SVC_Handler                                       src/stm32f1xx_it.o
                                                  src/startup_stm32f10x_md.o
Set_PWM                                           Libraries/misc_stm32f103/stm32f103_misc.o
                                                  src/main.o
Set_PWM_per                                       Libraries/misc_stm32f103/stm32f103_misc.o
SysTick_CLKSourceConfig                           Libraries/STM32F10x_StdPeriph_Driver/src/misc.o
SysTick_Handler                                   src/main.o
SystemCoreClock                                   src/system_stm32f10x.o
SystemCoreClockUpdate                             src/system_stm32f10x.o
SystemInit                                        src/system_stm32f10x.o
                                                  src/startup_stm32f10x_md.o
Systick_init                                      Libraries/misc_stm32f103/stm32f103_misc.o
                                                  src/main.o
TAMPER_IRQHandler                                 src/startup_stm32f10x_md.o
TIM1_BRK_IRQHandler                               src/startup_stm32f10x_md.o
TIM1_CC_IRQHandler                                src/startup_stm32f10x_md.o
TIM1_TRG_COM_IRQHandler                           src/startup_stm32f10x_md.o
TIM1_UP_IRQHandler                                src/startup_stm32f10x_md.o
TIM2_IRQHandler                                   src/main.o
TIM3_IRQHandler                                   src/startup_stm32f10x_md.o
TIM4_IRQHandler                                   src/main.o
TIM_ARRPreloadConfig                              Libraries/STM32F10x_StdPeriph_Driver/src/stm32f10x_tim.o
TIM_BDTRConfig                                    Libraries/STM32F10x_StdPeriph_Driver/src/stm32f10x_tim.o
TIM_BDTRStructInit                                Libraries/STM32F10x_StdPeriph_Driver/src/stm32f10x_tim.o
TIM_CCPreloadControl                              Libraries/STM32F10x_StdPeriph_Driver/src/stm32f10x_tim.o
TIM_CCxCmd                                        Libraries/STM32F10x_StdPeriph_Driver/src/stm32f10x_tim.o
TIM_CCxNCmd                                       Libraries/STM32F10x_StdPeriph_Driver/src/stm32f10x_tim.o
TIM_ClearFlag                                     Libraries/STM32F10x_StdPeriph_Driver/src/stm32f10x_tim.o
TIM_ClearITPendingBit                             Libraries/STM32F10x_StdPeriph_Driver/src/stm32f10x_tim.o
                                                  src/main.o
TIM_ClearOC1Ref                                   Libraries/STM32F10x_StdPeriph_Driver/src/stm32f10x_tim.o
TIM_ClearOC2Ref                                   Libraries/STM32F10x_StdPeriph_Driver/src/stm32f10x_tim.o
TIM_ClearOC3Ref                                   Libraries/STM32F10x_StdPeriph_Driver/src/stm32f10x_tim.o
TIM_ClearOC4Ref                                   Libraries/STM32F10x_StdPeriph_Driver/src/stm32f10x_tim.o
TIM_Cmd                                           Libraries/STM32F10x_StdPeriph_Driver/src/stm32f10x_tim.o
                                                  Libraries/misc_stm32f103/stm32f103_misc.o
TIM_CounterModeConfig                             Libraries/STM32F10x_StdPeriph_Driver/src/stm32f10x_tim.o
TIM_CtrlPWMOutputs                                Libraries/STM32F10x_StdPeriph_Driver/src/stm32f10x_tim.o
TIM_DMACmd                                        Libraries/STM32F10x_StdPeriph_Driver/src/stm32f10x_tim.o
TIM_DMAConfig                                     Libraries/STM32F10x_StdPeriph_Driver/src/stm32f10x_tim.o
TIM_DeInit                                        Libraries/STM32F10x_StdPeriph_Driver/src/stm32f10x_tim.o
TIM_ETRClockMode1Config                           Libraries/STM32F10x_StdPeriph_Driver/src/stm32f10x_tim.o
TIM_ETRClockMode2Config                           Libraries/STM32F10x_StdPeriph_Driver/src/stm32f10x_tim.o
TIM_ETRConfig                                     Libraries/STM32F10x_StdPeriph_Driver/src/stm32f10x_tim.o
TIM_EncoderInterfaceConfig                        Libraries/STM32F10x_StdPeriph_Driver/src/stm32f10x_tim.o
TIM_ForcedOC1Config                               Libraries/STM32F10x_StdPeriph_Driver/src/stm32f10x_tim.o
TIM_ForcedOC2Config                               Libraries/STM32F10x_StdPeriph_Driver/src/stm32f10x_tim.o
TIM_ForcedOC3Config                               Libraries/STM32F10x_StdPeriph_Driver/src/stm32f10x_tim.o
TIM_ForcedOC4Config                               Libraries/STM32F10x_StdPeriph_Driver/src/stm32f10x_tim.o
TIM_GenerateEvent                                 Libraries/STM32F10x_StdPeriph_Driver/src/stm32f10x_tim.o
TIM_GetCapture1                                   Libraries/STM32F10x_StdPeriph_Driver/src/stm32f10x_tim.o
TIM_GetCapture2                                   Libraries/STM32F10x_StdPeriph_Driver/src/stm32f10x_tim.o
TIM_GetCapture3                                   Libraries/STM32F10x_StdPeriph_Driver/src/stm32f10x_tim.o
TIM_GetCapture4                                   Libraries/STM32F10x_StdPeriph_Driver/src/stm32f10x_tim.o
TIM_GetCounter                                    Libraries/STM32F10x_StdPeriph_Driver/src/stm32f10x_tim.o
TIM_GetFlagStatus                                 Libraries/STM32F10x_StdPeriph_Driver/src/stm32f10x_tim.o
TIM_GetITStatus                                   Libraries/STM32F10x_StdPeriph_Driver/src/stm32f10x_tim.o
                                                  src/main.o
TIM_GetPrescaler                                  Libraries/STM32F10x_StdPeriph_Driver/src/stm32f10x_tim.o
TIM_ICInit                                        Libraries/STM32F10x_StdPeriph_Driver/src/stm32f10x_tim.o
                                                  Libraries/misc_stm32f103/stm32f103_misc.o
TIM_ICStructInit                                  Libraries/STM32F10x_StdPeriph_Driver/src/stm32f10x_tim.o
TIM_ITConfig                                      Libraries/STM32F10x_StdPeriph_Driver/src/stm32f10x_tim.o
                                                  Libraries/misc_stm32f103/stm32f103_misc.o
TIM_ITRxExternalClockConfig                       Libraries/STM32F10x_StdPeriph_Driver/src/stm32f10x_tim.o
TIM_InternalClockConfig                           Libraries/STM32F10x_StdPeriph_Driver/src/stm32f10x_tim.o
TIM_OC1FastConfig                                 Libraries/STM32F10x_StdPeriph_Driver/src/stm32f10x_tim.o
TIM_OC1Init                                       Libraries/STM32F10x_StdPeriph_Driver/src/stm32f10x_tim.o
                                                  Libraries/misc_stm32f103/stm32f103_misc.o
TIM_OC1NPolarityConfig                            Libraries/STM32F10x_StdPeriph_Driver/src/stm32f10x_tim.o
TIM_OC1PolarityConfig                             Libraries/STM32F10x_StdPeriph_Driver/src/stm32f10x_tim.o
TIM_OC1PreloadConfig                              Libraries/STM32F10x_StdPeriph_Driver/src/stm32f10x_tim.o
                                                  Libraries/misc_stm32f103/stm32f103_misc.o
TIM_OC2FastConfig                                 Libraries/STM32F10x_StdPeriph_Driver/src/stm32f10x_tim.o
TIM_OC2Init                                       Libraries/STM32F10x_StdPeriph_Driver/src/stm32f10x_tim.o
TIM_OC2NPolarityConfig                            Libraries/STM32F10x_StdPeriph_Driver/src/stm32f10x_tim.o
TIM_OC2PolarityConfig                             Libraries/STM32F10x_StdPeriph_Driver/src/stm32f10x_tim.o
TIM_OC2PreloadConfig                              Libraries/STM32F10x_StdPeriph_Driver/src/stm32f10x_tim.o
TIM_OC3FastConfig                                 Libraries/STM32F10x_StdPeriph_Driver/src/stm32f10x_tim.o
TIM_OC3Init                                       Libraries/STM32F10x_StdPeriph_Driver/src/stm32f10x_tim.o
TIM_OC3NPolarityConfig                            Libraries/STM32F10x_StdPeriph_Driver/src/stm32f10x_tim.o
TIM_OC3PolarityConfig                             Libraries/STM32F10x_StdPeriph_Driver/src/stm32f10x_tim.o
TIM_OC3PreloadConfig                              Libraries/STM32F10x_StdPeriph_Driver/src/stm32f10x_tim.o
TIM_OC4FastConfig                                 Libraries/STM32F10x_StdPeriph_Driver/src/stm32f10x_tim.o
TIM_OC4Init                                       Libraries/STM32F10x_StdPeriph_Driver/src/stm32f10x_tim.o
TIM_OC4PolarityConfig                             Libraries/STM32F10x_StdPeriph_Driver/src/stm32f10x_tim.o
TIM_OC4PreloadConfig                              Libraries/STM32F10x_StdPeriph_Driver/src/stm32f10x_tim.o
TIM_OCStructInit                                  Libraries/STM32F10x_StdPeriph_Driver/src/stm32f10x_tim.o
TIM_PWMIConfig                                    Libraries/STM32F10x_StdPeriph_Driver/src/stm32f10x_tim.o
TIM_PrescalerConfig                               Libraries/STM32F10x_StdPeriph_Driver/src/stm32f10x_tim.o
TIM_SelectCCDMA                                   Libraries/STM32F10x_StdPeriph_Driver/src/stm32f10x_tim.o
TIM_SelectCOM                                     Libraries/STM32F10x_StdPeriph_Driver/src/stm32f10x_tim.o
TIM_SelectHallSensor                              Libraries/STM32F10x_StdPeriph_Driver/src/stm32f10x_tim.o
TIM_SelectInputTrigger                            Libraries/STM32F10x_StdPeriph_Driver/src/stm32f10x_tim.o
TIM_SelectMasterSlaveMode                         Libraries/STM32F10x_StdPeriph_Driver/src/stm32f10x_tim.o
TIM_SelectOCxM                                    Libraries/STM32F10x_StdPeriph_Driver/src/stm32f10x_tim.o
TIM_SelectOnePulseMode                            Libraries/STM32F10x_StdPeriph_Driver/src/stm32f10x_tim.o
TIM_SelectOutputTrigger                           Libraries/STM32F10x_StdPeriph_Driver/src/stm32f10x_tim.o
TIM_SelectSlaveMode                               Libraries/STM32F10x_StdPeriph_Driver/src/stm32f10x_tim.o
TIM_SetAutoreload                                 Libraries/STM32F10x_StdPeriph_Driver/src/stm32f10x_tim.o
TIM_SetClockDivision                              Libraries/STM32F10x_StdPeriph_Driver/src/stm32f10x_tim.o
TIM_SetCompare1                                   Libraries/STM32F10x_StdPeriph_Driver/src/stm32f10x_tim.o
TIM_SetCompare2                                   Libraries/STM32F10x_StdPeriph_Driver/src/stm32f10x_tim.o
TIM_SetCompare3                                   Libraries/STM32F10x_StdPeriph_Driver/src/stm32f10x_tim.o
TIM_SetCompare4                                   Libraries/STM32F10x_StdPeriph_Driver/src/stm32f10x_tim.o
TIM_SetCounter                                    Libraries/STM32F10x_StdPeriph_Driver/src/stm32f10x_tim.o
TIM_SetIC1Prescaler                               Libraries/STM32F10x_StdPeriph_Driver/src/stm32f10x_tim.o
TIM_SetIC2Prescaler                               Libraries/STM32F10x_StdPeriph_Driver/src/stm32f10x_tim.o
TIM_SetIC3Prescaler                               Libraries/STM32F10x_StdPeriph_Driver/src/stm32f10x_tim.o
TIM_SetIC4Prescaler                               Libraries/STM32F10x_StdPeriph_Driver/src/stm32f10x_tim.o
TIM_TIxExternalClockConfig                        Libraries/STM32F10x_StdPeriph_Driver/src/stm32f10x_tim.o
TIM_TimeBaseInit                                  Libraries/STM32F10x_StdPeriph_Driver/src/stm32f10x_tim.o
                                                  Libraries/misc_stm32f103/stm32f103_misc.o