stm32f10x_ina219.c:51:6:ina219_init	8	static
stm32f10x_ina219.c:73:6:ina219_gpio_init	16	static
stm32f10x_ina219.c:98:6:ina219_i2c_init	24	static
stm32f10x_ina219.c:128:6:ina219_configureRegisters	8	static
stm32f10x_ina219.c:148:6:ina219_writeRegister	16	static
stm32f10x_ina219.c:206:6:ina219_readRegister	16	static
stm32f10x_ina219.c:271:6:ina219_setCalibration_32V_2A	24	static
stm32f10x_ina219.c:372:6:ina219_setCalibration_32V_1A	16	static
stm32f10x_ina219.c:470:6:ina219_setCalibration_16V_400mA	16	static
stm32f10x_ina219.c:564:9:ina219_getBusVoltage_raw	16	static
stm32f10x_ina219.c:582:9:ina219_getShuntVoltage_raw	16	static
stm32f10x_ina219.c:598:9:ina219_getCurrent_raw	16	static
stm32f10x_ina219.c:623:7:ina219_getShuntVoltage_mV	24	static
stm32f10x_ina219.c:639:7:ina219_getBusVoltage_V	24	static
stm32f10x_ina219.c:655:7:ina219_getCurrent_mA	16	static
stm32f10x_ina219.c:673:6:ina219_powerOnReset	8	static
stm32f10x_ina219.c:688:6:ina219_setBusVoltageRange	16	static
stm32f10x_ina219.c:702:6:ina219_setGainRange	16	static
stm32f10x_ina219.c:717:6:ina219_setBusADCResolution	16	static
stm32f10x_ina219.c:734:6:ina219_setShuntADCResolution	16	static
stm32f10x_ina219.c:749:6:ina219_setOperatingMode	16	static
stm32f10x_ina219.c:763:6:ina219_updateConfigurationRegister	24	static
